Microchip MPLAB XC8 Compiler V1.41 ()

Linker command line:

-W-3 --edf=C:\Program Files (x86)\Microchip\xc8\v1.41\dat\en_msgs.txt -cs \
  -h+dist/default/production\textLCD.X.production.sym \
  --cmf=dist/default/production\textLCD.X.production.cmf -z -Q18F4520 \
  -oD:\WTepms\Temp\s8eg.2 \
  -Mdist/default/production/textLCD.X.production.map -E1 -ver=XC8 \
  -ASTACK=080h-05ffh -pstack=STACK -ACODE=00h-07FFFh -ACONST=00h-07FFFh \
  -ASMALLCONST=0600h-06FFhx122 -AMEDIUMCONST=0600h-07FFFh -ACOMRAM=01h-07Fh \
  -AABS1=00h-05FFh -ABIGRAM=01h-05FFh -ARAM=080h-0FFh,0100h-01FFhx5 \
  -ABANK0=080h-0FFh -ABANK1=0100h-01FFh -ABANK2=0200h-02FFh \
  -ABANK3=0300h-03FFh -ABANK4=0400h-04FFh -ABANK5=0500h-05FFh \
  -ASFR=0F80h-0FFFh -preset_vec=00h,intcode,intcodelo,powerup,init \
  -pramtop=0600h -psmallconst=SMALLCONST -pmediumconst=MEDIUMCONST \
  -pconst=CONST -AFARRAM=00h-00h -ACONFIG=0300000h-030000Dh -pconfig=CONFIG \
  -AIDLOC=0200000h-0200007h -pidloc=IDLOC -AEEDATA=0F00000h-0F000FFh \
  -peeprom_data=EEDATA \
  -prdata=COMRAM,nvrram=COMRAM,nvbit=COMRAM,rbss=COMRAM,rbit=COMRAM \
  -pfarbss=FARRAM,fardata=FARRAM,nvFARRAM=FARRAM \
  -pintsave_regs=BIGRAM,bigbss=BIGRAM,bigdata=BIGRAM -pbss=RAM \
  -pidata=CODE,irdata=CODE,ibigdata=CODE,ifardata=CODE -prparam=COMRAM \
  D:\WTepms\Temp\s8eg.obj dist/default/production\textLCD.X.production.obj 

Object code version is 3.11

Machine type is 18F4520

Call graph: (short form)




                Name                               Link     Load   Length Selector   Space Scale
D:\WTepms\Temp\s8eg.obj
                init                                  0        0        4        0       0
                idloc                            200000   200000        8   200000       0
                config                           300000   300000        E   300000       0
dist/default/production\textLCD.X.production.obj
                smallconst                          600      600        C      300       0
                text19                              6A2      6A2       90      306       0
                text18                              8A0      8A0       18      306       0
                text17                              914      914        E      306       0
                text16                              784      784       42      306       0
                text15                              60C      60C       96      306       0
                text14                              906      906        E      306       0
                text13                              732      732       52      306       0
                text12                              922      922        C      306       0
                text11                              93C      93C        4      306       0
                text10                              83E      83E       32      306       0
                text9                               8F8      8F8        E      306       0
                text8                               888      888       18      306       0
                text7                               870      870       18      306       0
                text6                               8EA      8EA        E      306       0
                text5                               92E      92E        8      306       0
                text4                               936      936        6      306       0
                text3                               8DC      8DC        E      306       0
                text2                               8CE      8CE        E      306       0
                text1                               802      802       3C      306       0
                text0                               7C6      7C6       3C      306       0
                cstackCOMRAM                         41       41        7        1       1
                bssCOMRAM                             1        1       40        1       1
                cinit                               8B8      8B8       16      306       0

TOTAL           Name                               Link     Load   Length     Space
        CLASS   STACK          

        CLASS   CODE           
                init                                  0        0        4         0
                text19                              6A2      6A2       90         0
                text18                              8A0      8A0       18         0
                text17                              914      914        E         0
                text16                              784      784       42         0
                text15                              60C      60C       96         0
                text14                              906      906        E         0
                text13                              732      732       52         0
                text12                              922      922        C         0
                text11                              93C      93C        4         0
                text10                              83E      83E       32         0
                text9                               8F8      8F8        E         0
                text8                               888      888       18         0
                text7                               870      870       18         0
                text6                               8EA      8EA        E         0
                text5                               92E      92E        8         0
                text4                               936      936        6         0
                text3                               8DC      8DC        E         0
                text2                               8CE      8CE        E         0
                text1                               802      802       3C         0
                text0                               7C6      7C6       3C         0
                cinit                               8B8      8B8       16         0

        CLASS   CONST          

        CLASS   SMALLCONST     
                smallconst                          600      600        C         0

        CLASS   MEDIUMCONST    

        CLASS   COMRAM         
                cstackCOMRAM                         41       41        7         1
                bssCOMRAM                             1        1       40         1

        CLASS   ABS1           

        CLASS   BIGRAM         

        CLASS   RAM            

        CLASS   BANK0          

        CLASS   BANK1          

        CLASS   BANK2          

        CLASS   BANK3          

        CLASS   BANK4          

        CLASS   BANK5          

        CLASS   SFR            

        CLASS   FARRAM         

        CLASS   CONFIG         
                config                           300000   300000        E         0

        CLASS   IDLOC          
                idloc                            200000   200000        8         0

        CLASS   EEDATA         



SEGMENTS        Name                           Load    Length   Top    Selector   Space  Class

                reset_vec                      000000  000004  000004         0       0  CODE    
                bssCOMRAM                      000001  000047  000048         1       1  COMRAM  
                smallconst                     000600  00000C  00060C       300       0  SMALLCON
                text15                         00060C  000334  000940       306       0  CODE    
                idloc                          200000  000008  200008    200000       0  IDLOC   
                config                         300000  00000E  30000E    300000       0  CONFIG  


UNUSED ADDRESS RANGES

        Name                Unused          Largest block    Delta
        BANK0            000080-0000FF               80
        BANK1            000100-0001FF              100
        BANK2            000200-0002FF              100
        BANK3            000300-0003FF              100
        BANK4            000400-0004FF              100
        BANK5            000500-0005FF              100
        BIGRAM           000048-0005FF              5B8
        CODE             000004-0005FF              5FC
                         000940-007FFF             76C0
        COMRAM           000048-00007F               38
        CONST            000004-0005FF              5FC
                         000940-007FFF             76C0
        EEDATA           F00000-F000FF              100
        MEDIUMCONST      000940-007FFF             76C0
        RAM              000080-0005FF              100
        SFR              000F80-000FFF               80
        SMALLCONST       000940-007FFF              100
        STACK            000080-0005FF              580

                                  Symbol Table

_LATDbits                  (abs)        000F8C
_PIR1bits                  (abs)        000F9E
_RCREG                     (abs)        000FAE
_RCSTA                     (abs)        000FAB
_RCSTAbits                 (abs)        000FAB
_SPBRG                     (abs)        000FAF
_TRISDbits                 (abs)        000F95
_TXREG                     (abs)        000FAD
_TXSTA                     (abs)        000FAC
_TXSTAbits                 (abs)        000FAC
__CFG_BOREN$OFF            (abs)        000000
__CFG_BORV$3               (abs)        000000
__CFG_CCP2MX$PORTC         (abs)        000000
__CFG_FCMEN$OFF            (abs)        000000
__CFG_IESO$OFF             (abs)        000000
__CFG_LPT1OSC$OFF          (abs)        000000
__CFG_LVP$ON               (abs)        000000
__CFG_MCLRE$ON             (abs)        000000
__CFG_OSC$HS               (abs)        000000
__CFG_PBADEN$OFF           (abs)        000000
__CFG_PWRT$OFF             (abs)        000000
__CFG_STVREN$ON            (abs)        000000
__CFG_WDT$OFF              (abs)        000000
__CFG_WDTPS$32768          (abs)        000000
__CFG_XINST$OFF            (abs)        000000
__HRAM                     (abs)        000000
__Habs1                    abs1         000000
__Hbank0                   bank0        000000
__Hbank1                   bank1        000000
__Hbank2                   bank2        000000
__Hbank3                   bank3        000000
__Hbank4                   bank4        000000
__Hbank5                   bank5        000000
__Hbigbss                  bigbss       000000
__Hbigdata                 bigdata      000000
__Hbigram                  bigram       000000
__Hbss                     bss          000000
__HbssCOMRAM               bssCOMRAM    000000
__Hcinit                   cinit        000000
__Hclrtext                 clrtext      000000
__Hcomram                  comram       000000
__Hconfig                  config       30000E
__Hconst                   const        000000
__HcstackCOMRAM            cstackCOMRAM 000000
__Hdata                    data         000000
__Heeprom_data             eeprom_data  000000
__Hfarbss                  farbss       000000
__Hfardata                 fardata      000000
__Hibigdata                ibigdata     000000
__Hidata                   idata        000000
__Hidloc                   idloc        200008
__Hifardata                ifardata     000000
__Hinit                    init         000004
__Hintcode                 intcode      000000
__Hintcode_body            intcode_body 000000
__Hintcodelo               intcodelo    000000
__Hintentry                intentry     000000
__Hintret                  intret       000000
__Hintsave_regs            intsave_regs 000000
__Hirdata                  irdata       000000
__Hmediumconst             mediumconst  000000
__HnvFARRAM                nvFARRAM     000000
__Hnvbit                   nvbit        000000
__Hnvrram                  nvrram       000000
__Hparam                   rparam       000000
__Hpowerup                 powerup      000000
__Hram                     ram          000000
__Hramtop                  ramtop       000600
__Hrbit                    rbit         000000
__Hrbss                    rbss         000000
__Hrdata                   rdata        000000
__Hreset_vec               reset_vec    000000
__Hrparam                  rparam       000000
__Hsfr                     sfr          000000
__Hsmallconst              smallconst   00060C
__Hspace_0                 (abs)        30000E
__Hspace_1                 (abs)        000048
__Hspace_2                 (abs)        000000
__Hstack                   stack        000000
__Hstruct                  struct       000000
__Htemp                    temp         000000
__Htext                    text         000000
__Htext0                   text0        000000
__Htext1                   text1        000000
__Htext10                  text10       000000
__Htext11                  text11       000000
__Htext12                  text12       000000
__Htext13                  text13       000000
__Htext14                  text14       000000
__Htext15                  text15       000000
__Htext16                  text16       000000
__Htext17                  text17       000000
__Htext18                  text18       000000
__Htext19                  text19       000000
__Htext2                   text2        000000
__Htext3                   text3        000000
__Htext4                   text4        000000
__Htext5                   text5        000000
__Htext6                   text6        000000
__Htext7                   text7        000000
__Htext8                   text8        000000
__Htext9                   text9        000000
__LRAM                     (abs)        000001
__Labs1                    abs1         000000
__Lbank0                   bank0        000000
__Lbank1                   bank1        000000
__Lbank2                   bank2        000000
__Lbank3                   bank3        000000
__Lbank4                   bank4        000000
__Lbank5                   bank5        000000
__Lbigbss                  bigbss       000000
__Lbigdata                 bigdata      000000
__Lbigram                  bigram       000000
__Lbss                     bss          000000
__LbssCOMRAM               bssCOMRAM    000000
__Lcinit                   cinit        000000
__Lclrtext                 clrtext      000000
__Lcomram                  comram       000000
__Lconfig                  config       300000
__Lconst                   const        000000
__LcstackCOMRAM            cstackCOMRAM 000000
__Ldata                    data         000000
__Leeprom_data             eeprom_data  000000
__Lfarbss                  farbss       000000
__Lfardata                 fardata      000000
__Libigdata                ibigdata     000000
__Lidata                   idata        000000
__Lidloc                   idloc        200000
__Lifardata                ifardata     000000
__Linit                    init         000000
__Lintcode                 intcode      000000
__Lintcode_body            intcode_body 000000
__Lintcodelo               intcodelo    000000
__Lintentry                intentry     000000
__Lintret                  intret       000000
__Lintsave_regs            intsave_regs 000000
__Lirdata                  irdata       000000
__Lmediumconst             mediumconst  000000
__LnvFARRAM                nvFARRAM     000000
__Lnvbit                   nvbit        000000
__Lnvrram                  nvrram       000000
__Lparam                   rparam       000000
__Lpowerup                 powerup      000000
__Lram                     ram          000000
__Lramtop                  ramtop       000600
__Lrbit                    rbit         000000
__Lrbss                    rbss         000000
__Lrdata                   rdata        000000
__Lreset_vec               reset_vec    000000
__Lrparam                  rparam       000000
__Lsfr                     sfr          000000
__Lsmallconst              smallconst   000600
__Lspace_0                 (abs)        000000
__Lspace_1                 (abs)        000000
__Lspace_2                 (abs)        000000
__Lstack                   stack        000000
__Lstruct                  struct       000000
__Ltemp                    temp         000000
__Ltext                    text         000000
__Ltext0                   text0        000000
__Ltext1                   text1        000000
__Ltext10                  text10       000000
__Ltext11                  text11       000000
__Ltext12                  text12       000000
__Ltext13                  text13       000000
__Ltext14                  text14       000000
__Ltext15                  text15       000000
__Ltext16                  text16       000000
__Ltext17                  text17       000000
__Ltext18                  text18       000000
__Ltext19                  text19       000000
__Ltext2                   text2        000000
__Ltext3                   text3        000000
__Ltext4                   text4        000000
__Ltext5                   text5        000000
__Ltext6                   text6        000000
__Ltext7                   text7        000000
__Ltext8                   text8        000000
__Ltext9                   text9        000000
__S0                       (abs)        30000E
__S1                       (abs)        000048
__S2                       (abs)        000000
___inthi_sp                stack        000000
___intlo_sp                stack        000000
___param_bank              (abs)        000000
___rparam_used             (abs)        000001
___sp                      stack        000000
__accesstop                (abs)        000080
__activetblptr             (abs)        000002
__end_of__initialization   cinit        0008C4
__end_of_lcd_byte          text18       0008B8
__end_of_lcd_cmd           text17       000922
__end_of_lcd_gotoxy        text16       0007C6
__end_of_lcd_init          text15       0006A2
__end_of_lcd_nible         text19       000732
__end_of_lcd_putc          text14       000914
__end_of_lcd_puts          text13       000784
__end_of_main              text0        000802
__end_of_uartBaudrateMode  text9        000906
__end_of_uartBitMode       text8        0008A0
__end_of_uartDataRdy       text12       00092E
__end_of_uartGets          text10       000870
__end_of_uartIntMode       text7        000888
__end_of_uartOpen          text1        00083E
__end_of_uartRead          text11       000940
__end_of_uartRxMode        text6        0008F8
__end_of_uartSetBaudrate   text5        000936
__end_of_uartStart         text4        00093C
__end_of_uartSyncMode      text3        0008EA
__end_of_uartSynchMode     text2        0008DC
__initialization           cinit        0008B8
__mediumconst              mediumconst  000000
__pbssCOMRAM               bssCOMRAM    000001
__pcinit                   cinit        0008B8
__pcstackCOMRAM            cstackCOMRAM 000041
__psmallconst              smallconst   000600
__ptext0                   text0        0007C6
__ptext1                   text1        000802
__ptext10                  text10       00083E
__ptext11                  text11       00093C
__ptext12                  text12       000922
__ptext13                  text13       000732
__ptext14                  text14       000906
__ptext15                  text15       00060C
__ptext16                  text16       000784
__ptext17                  text17       000914
__ptext18                  text18       0008A0
__ptext19                  text19       0006A2
__ptext2                   text2        0008CE
__ptext3                   text3        0008DC
__ptext4                   text4        000936
__ptext5                   text5        00092E
__ptext6                   text6        0008EA
__ptext7                   text7        000870
__ptext8                   text8        000888
__ptext9                   text9        0008F8
__ramtop                   ramtop       000600
__size_of_lcd_byte         (abs)        000000
__size_of_lcd_cmd          (abs)        000000
__size_of_lcd_gotoxy       (abs)        000000
__size_of_lcd_init         (abs)        000000
__size_of_lcd_nible        (abs)        000000
__size_of_lcd_putc         (abs)        000000
__size_of_lcd_puts         (abs)        000000
__size_of_main             (abs)        000000
__size_of_uartBaudrateMode (abs)        000000
__size_of_uartBitMode      (abs)        000000
__size_of_uartDataRdy      (abs)        000000
__size_of_uartGets         (abs)        000000
__size_of_uartIntMode      (abs)        000000
__size_of_uartOpen         (abs)        000000
__size_of_uartRead         (abs)        000000
__size_of_uartRxMode       (abs)        000000
__size_of_uartSetBaudrate  (abs)        000000
__size_of_uartStart        (abs)        000000
__size_of_uartSyncMode     (abs)        000000
__size_of_uartSynchMode    (abs)        000000
__smallconst               smallconst   000600
_buffer                    bssCOMRAM    000001
_lcd_byte                  text18       0008A0
_lcd_cmd                   text17       000914
_lcd_gotoxy                text16       000784
_lcd_init                  text15       00060C
_lcd_nible                 text19       0006A2
_lcd_putc                  text14       000906
_lcd_puts                  text13       000732
_main                      text0        0007C6
_uartBaudrateMode          text9        0008F8
_uartBitMode               text8        000888
_uartDataRdy               text12       000922
_uartGets                  text10       00083E
_uartIntMode               text7        000870
_uartOpen                  text1        000802
_uartRead                  text11       00093C
_uartRxMode                text6        0008EA
_uartSetBaudrate           text5        00092E
_uartStart                 text4        000936
_uartSyncMode              text3        0008DC
_uartSynchMode             text2        0008CE
end_of_initialization      cinit        0008C4
intlevel0                  text         000000
intlevel1                  text         000000
intlevel2                  text         000000
intlevel3                  text         000000
lcd_byte@byte              cstackCOMRAM 000044
lcd_cmd@cmd                cstackCOMRAM 000045
lcd_gotoxy@col             cstackCOMRAM 000047
lcd_gotoxy@row             cstackCOMRAM 000046
lcd_nible@nible            cstackCOMRAM 000043
lcd_putc@chr               cstackCOMRAM 000045
lcd_puts@str               cstackCOMRAM 000046
stackhi                    (abs)        0005FF
stacklo                    (abs)        000080
start                      init         000000
start_initialization       cinit        0008B8
uartBaudrateMode@mode      cstackCOMRAM 000041
uartBitMode@mode           cstackCOMRAM 000041
uartGets@buffer            cstackCOMRAM 000041
uartGets@data              cstackCOMRAM 000044
uartGets@i                 cstackCOMRAM 000045
uartGets@len               cstackCOMRAM 000043
uartIntMode@rxMode         cstackCOMRAM 000041
uartIntMode@txMode         cstackCOMRAM 000042
uartRxMode@mode            cstackCOMRAM 000041
uartSetBaudrate@spbrg      cstackCOMRAM 000041
uartSyncMode@mode          cstackCOMRAM 000041
uartSynchMode@mode         cstackCOMRAM 000041


FUNCTION INFORMATION:

 *************** function _main *****************
 Defined at:
		line 11 in file "main.c"
 Parameters:    Size  Location     Type
		None
 Auto vars:     Size  Location     Type
		None
 Return value:  Size  Location     Type
                  1    wreg      void 
 Registers used:
		wreg, fsr0l, fsr0h, fsr2l, fsr2h, status,2, status,0, tblptrl, tblptrh, tblptru, cstack
 Tracked objects:
		On entry : 
		On exit  : 
		Unchanged: 
 Data sizes:     COMRAM   BANK0   BANK1   BANK2   BANK3   BANK4   BANK5
      Params:         0       0       0       0       0       0       0
      Locals:         0       0       0       0       0       0       0
      Temps:          0       0       0       0       0       0       0
      Totals:         0       0       0       0       0       0       0
Total ram usage:        0 bytes
 Hardware stack levels required when called:    4
 This function calls:
		_lcd_gotoxy
		_lcd_init
		_lcd_puts
		_uartGets
		_uartOpen
 This function is called by:
		Startup code after reset
 This function uses a non-reentrant model


 *************** function _uartOpen *****************
 Defined at:
		line 55 in file "myUart.c"
 Parameters:    Size  Location     Type
		None
 Auto vars:     Size  Location     Type
		None
 Return value:  Size  Location     Type
                  1    wreg      void 
 Registers used:
		wreg, status,2, cstack
 Tracked objects:
		On entry : 
		On exit  : 
		Unchanged: 
 Data sizes:     COMRAM   BANK0   BANK1   BANK2   BANK3   BANK4   BANK5
      Params:         0       0       0       0       0       0       0
      Locals:         0       0       0       0       0       0       0
      Temps:          0       0       0       0       0       0       0
      Totals:         0       0       0       0       0       0       0
Total ram usage:        0 bytes
 Hardware stack levels used:    1
 Hardware stack levels required when called:    1
 This function calls:
		_uartBaudrateMode
		_uartBitMode
		_uartIntMode
		_uartRxMode
		_uartSetBaudrate
		_uartStart
		_uartSyncMode
		_uartSynchMode
 This function is called by:
		_main
 This function uses a non-reentrant model


 *************** function _uartSynchMode *****************
 Defined at:
		line 38 in file "myUart.c"
 Parameters:    Size  Location     Type
  mode            1    wreg     unsigned char 
 Auto vars:     Size  Location     Type
  mode            1    0[COMRAM] unsigned char 
 Return value:  Size  Location     Type
                  1    wreg      void 
 Registers used:
		wreg
 Tracked objects:
		On entry : 
		On exit  : 
		Unchanged: 
 Data sizes:     COMRAM   BANK0   BANK1   BANK2   BANK3   BANK4   BANK5
      Params:         0       0       0       0       0       0       0
      Locals:         1       0       0       0       0       0       0
      Temps:          0       0       0       0       0       0       0
      Totals:         1       0       0       0       0       0       0
Total ram usage:        1 bytes
 Hardware stack levels used:    1
 This function calls:
		Nothing
 This function is called by:
		_uartOpen
 This function uses a non-reentrant model


 *************** function _uartSyncMode *****************
 Defined at:
		line 27 in file "myUart.c"
 Parameters:    Size  Location     Type
  mode            1    wreg     unsigned char 
 Auto vars:     Size  Location     Type
  mode            1    0[COMRAM] unsigned char 
 Return value:  Size  Location     Type
                  1    wreg      void 
 Registers used:
		wreg
 Tracked objects:
		On entry : 
		On exit  : 
		Unchanged: 
 Data sizes:     COMRAM   BANK0   BANK1   BANK2   BANK3   BANK4   BANK5
      Params:         0       0       0       0       0       0       0
      Locals:         1       0       0       0       0       0       0
      Temps:          0       0       0       0       0       0       0
      Totals:         1       0       0       0       0       0       0
Total ram usage:        1 bytes
 Hardware stack levels used:    1
 This function calls:
		Nothing
 This function is called by:
		_uartOpen
 This function uses a non-reentrant model


 *************** function _uartStart *****************
 Defined at:
		line 43 in file "myUart.c"
 Parameters:    Size  Location     Type
		None
 Auto vars:     Size  Location     Type
		None
 Return value:  Size  Location     Type
                  1    wreg      void 
 Registers used:
		None
 Tracked objects:
		On entry : 
		On exit  : 
		Unchanged: 
 Data sizes:     COMRAM   BANK0   BANK1   BANK2   BANK3   BANK4   BANK5
      Params:         0       0       0       0       0       0       0
      Locals:         0       0       0       0       0       0       0
      Temps:          0       0       0       0       0       0       0
      Totals:         0       0       0       0       0       0       0
Total ram usage:        0 bytes
 Hardware stack levels used:    1
 This function calls:
		Nothing
 This function is called by:
		_uartOpen
 This function uses a non-reentrant model


 *************** function _uartSetBaudrate *****************
 Defined at:
		line 18 in file "myUart.c"
 Parameters:    Size  Location     Type
  spbrg           1    wreg     unsigned char 
 Auto vars:     Size  Location     Type
  spbrg           1    0[COMRAM] unsigned char 
 Return value:  Size  Location     Type
                  1    wreg      void 
 Registers used:
		wreg
 Tracked objects:
		On entry : 
		On exit  : 
		Unchanged: 
 Data sizes:     COMRAM   BANK0   BANK1   BANK2   BANK3   BANK4   BANK5
      Params:         0       0       0       0       0       0       0
      Locals:         1       0       0       0       0       0       0
      Temps:          0       0       0       0       0       0       0
      Totals:         1       0       0       0       0       0       0
Total ram usage:        1 bytes
 Hardware stack levels used:    1
 This function calls:
		Nothing
 This function is called by:
		_uartOpen
 This function uses a non-reentrant model


 *************** function _uartRxMode *****************
 Defined at:
		line 22 in file "myUart.c"
 Parameters:    Size  Location     Type
  mode            1    wreg     unsigned char 
 Auto vars:     Size  Location     Type
  mode            1    0[COMRAM] unsigned char 
 Return value:  Size  Location     Type
                  1    wreg      void 
 Registers used:
		wreg
 Tracked objects:
		On entry : 
		On exit  : 
		Unchanged: 
 Data sizes:     COMRAM   BANK0   BANK1   BANK2   BANK3   BANK4   BANK5
      Params:         0       0       0       0       0       0       0
      Locals:         1       0       0       0       0       0       0
      Temps:          0       0       0       0       0       0       0
      Totals:         1       0       0       0       0       0       0
Total ram usage:        1 bytes
 Hardware stack levels used:    1
 This function calls:
		Nothing
 This function is called by:
		_uartOpen
 This function uses a non-reentrant model


 *************** function _uartIntMode *****************
 Defined at:
		line 7 in file "myUart.c"
 Parameters:    Size  Location     Type
  txMode          1    wreg     unsigned char 
  rxMode          1    0[COMRAM] unsigned char 
 Auto vars:     Size  Location     Type
  txMode          1    1[COMRAM] unsigned char 
 Return value:  Size  Location     Type
                  1    wreg      void 
 Registers used:
		wreg
 Tracked objects:
		On entry : 
		On exit  : 
		Unchanged: 
 Data sizes:     COMRAM   BANK0   BANK1   BANK2   BANK3   BANK4   BANK5
      Params:         1       0       0       0       0       0       0
      Locals:         1       0       0       0       0       0       0
      Temps:          0       0       0       0       0       0       0
      Totals:         2       0       0       0       0       0       0
Total ram usage:        2 bytes
 Hardware stack levels used:    1
 This function calls:
		Nothing
 This function is called by:
		_uartOpen
 This function uses a non-reentrant model


 *************** function _uartBitMode *****************
 Defined at:
		line 32 in file "myUart.c"
 Parameters:    Size  Location     Type
  mode            1    wreg     unsigned char 
 Auto vars:     Size  Location     Type
  mode            1    0[COMRAM] unsigned char 
 Return value:  Size  Location     Type
                  1    wreg      void 
 Registers used:
		wreg
 Tracked objects:
		On entry : 
		On exit  : 
		Unchanged: 
 Data sizes:     COMRAM   BANK0   BANK1   BANK2   BANK3   BANK4   BANK5
      Params:         0       0       0       0       0       0       0
      Locals:         1       0       0       0       0       0       0
      Temps:          0       0       0       0       0       0       0
      Totals:         1       0       0       0       0       0       0
Total ram usage:        1 bytes
 Hardware stack levels used:    1
 This function calls:
		Nothing
 This function is called by:
		_uartOpen
 This function uses a non-reentrant model


 *************** function _uartBaudrateMode *****************
 Defined at:
		line 13 in file "myUart.c"
 Parameters:    Size  Location     Type
  mode            1    wreg     unsigned char 
 Auto vars:     Size  Location     Type
  mode            1    0[COMRAM] unsigned char 
 Return value:  Size  Location     Type
                  1    wreg      void 
 Registers used:
		wreg
 Tracked objects:
		On entry : 
		On exit  : 
		Unchanged: 
 Data sizes:     COMRAM   BANK0   BANK1   BANK2   BANK3   BANK4   BANK5
      Params:         0       0       0       0       0       0       0
      Locals:         1       0       0       0       0       0       0
      Temps:          0       0       0       0       0       0       0
      Totals:         1       0       0       0       0       0       0
Total ram usage:        1 bytes
 Hardware stack levels used:    1
 This function calls:
		Nothing
 This function is called by:
		_uartOpen
 This function uses a non-reentrant model


 *************** function _uartGets *****************
 Defined at:
		line 83 in file "myUart.c"
 Parameters:    Size  Location     Type
  buffer          2    0[COMRAM] PTR unsigned char 
		 -> buffer(64), 
  len             1    2[COMRAM] unsigned char 
 Auto vars:     Size  Location     Type
  i               1    4[COMRAM] unsigned char 
  data            1    3[COMRAM] unsigned char 
 Return value:  Size  Location     Type
                  1    wreg      void 
 Registers used:
		wreg, fsr2l, fsr2h, status,2, status,0, cstack
 Tracked objects:
		On entry : 
		On exit  : 
		Unchanged: 
 Data sizes:     COMRAM   BANK0   BANK1   BANK2   BANK3   BANK4   BANK5
      Params:         3       0       0       0       0       0       0
      Locals:         2       0       0       0       0       0       0
      Temps:          0       0       0       0       0       0       0
      Totals:         5       0       0       0       0       0       0
Total ram usage:        5 bytes
 Hardware stack levels used:    1
 Hardware stack levels required when called:    1
 This function calls:
		_uartDataRdy
		_uartRead
 This function is called by:
		_main
 This function uses a non-reentrant model


 *************** function _uartRead *****************
 Defined at:
		line 74 in file "myUart.c"
 Parameters:    Size  Location     Type
		None
 Auto vars:     Size  Location     Type
		None
 Return value:  Size  Location     Type
                  1    wreg      unsigned char 
 Registers used:
		wreg, status,2
 Tracked objects:
		On entry : 
		On exit  : 
		Unchanged: 
 Data sizes:     COMRAM   BANK0   BANK1   BANK2   BANK3   BANK4   BANK5
      Params:         0       0       0       0       0       0       0
      Locals:         0       0       0       0       0       0       0
      Temps:          0       0       0       0       0       0       0
      Totals:         0       0       0       0       0       0       0
Total ram usage:        0 bytes
 Hardware stack levels used:    1
 This function calls:
		Nothing
 This function is called by:
		_uartGets
 This function uses a non-reentrant model


 *************** function _uartDataRdy *****************
 Defined at:
		line 108 in file "myUart.c"
 Parameters:    Size  Location     Type
		None
 Auto vars:     Size  Location     Type
		None
 Return value:  Size  Location     Type
                  1    wreg      unsigned char 
 Registers used:
		wreg
 Tracked objects:
		On entry : 
		On exit  : 
		Unchanged: 
 Data sizes:     COMRAM   BANK0   BANK1   BANK2   BANK3   BANK4   BANK5
      Params:         0       0       0       0       0       0       0
      Locals:         0       0       0       0       0       0       0
      Temps:          0       0       0       0       0       0       0
      Totals:         0       0       0       0       0       0       0
Total ram usage:        0 bytes
 Hardware stack levels used:    1
 This function calls:
		Nothing
 This function is called by:
		_uartGets
 This function uses a non-reentrant model


 *************** function _lcd_puts *****************
 Defined at:
		line 44 in file "myLCD.c"
 Parameters:    Size  Location     Type
  str             2    5[COMRAM] PTR unsigned char 
		 -> buffer(64), STR_1(9), 
 Auto vars:     Size  Location     Type
		None
 Return value:  Size  Location     Type
                  1    wreg      void 
 Registers used:
		wreg, fsr0l, fsr0h, status,2, status,0, tblptrl, tblptrh, tblptru, cstack
 Tracked objects:
		On entry : 
		On exit  : 
		Unchanged: 
 Data sizes:     COMRAM   BANK0   BANK1   BANK2   BANK3   BANK4   BANK5
      Params:         2       0       0       0       0       0       0
      Locals:         0       0       0       0       0       0       0
      Temps:          0       0       0       0       0       0       0
      Totals:         2       0       0       0       0       0       0
Total ram usage:        2 bytes
 Hardware stack levels used:    1
 Hardware stack levels required when called:    3
 This function calls:
		_lcd_putc
 This function is called by:
		_main
 This function uses a non-reentrant model


 *************** function _lcd_putc *****************
 Defined at:
		line 36 in file "myLCD.c"
 Parameters:    Size  Location     Type
  chr             1    wreg     unsigned char 
 Auto vars:     Size  Location     Type
  chr             1    4[COMRAM] unsigned char 
 Return value:  Size  Location     Type
                  1    wreg      void 
 Registers used:
		wreg, status,2, status,0, cstack
 Tracked objects:
		On entry : 
		On exit  : 
		Unchanged: 
 Data sizes:     COMRAM   BANK0   BANK1   BANK2   BANK3   BANK4   BANK5
      Params:         0       0       0       0       0       0       0
      Locals:         1       0       0       0       0       0       0
      Temps:          0       0       0       0       0       0       0
      Totals:         1       0       0       0       0       0       0
Total ram usage:        1 bytes
 Hardware stack levels used:    1
 Hardware stack levels required when called:    2
 This function calls:
		_lcd_byte
 This function is called by:
		_lcd_puts
 This function uses a non-reentrant model


 *************** function _lcd_init *****************
 Defined at:
		line 63 in file "myLCD.c"
 Parameters:    Size  Location     Type
		None
 Auto vars:     Size  Location     Type
		None
 Return value:  Size  Location     Type
                  1    wreg      void 
 Registers used:
		wreg, status,2, status,0, cstack
 Tracked objects:
		On entry : 
		On exit  : 
		Unchanged: 
 Data sizes:     COMRAM   BANK0   BANK1   BANK2   BANK3   BANK4   BANK5
      Params:         0       0       0       0       0       0       0
      Locals:         0       0       0       0       0       0       0
      Temps:          1       0       0       0       0       0       0
      Totals:         1       0       0       0       0       0       0
Total ram usage:        1 bytes
 Hardware stack levels used:    1
 Hardware stack levels required when called:    3
 This function calls:
		_lcd_cmd
		_lcd_nible
 This function is called by:
		_main
 This function uses a non-reentrant model


 *************** function _lcd_gotoxy *****************
 Defined at:
		line 54 in file "myLCD.c"
 Parameters:    Size  Location     Type
  col             1    wreg     unsigned char 
  row             1    5[COMRAM] unsigned char 
 Auto vars:     Size  Location     Type
  col             1    6[COMRAM] unsigned char 
 Return value:  Size  Location     Type
                  1    wreg      void 
 Registers used:
		wreg, status,2, status,0, cstack
 Tracked objects:
		On entry : 
		On exit  : 
		Unchanged: 
 Data sizes:     COMRAM   BANK0   BANK1   BANK2   BANK3   BANK4   BANK5
      Params:         1       0       0       0       0       0       0
      Locals:         1       0       0       0       0       0       0
      Temps:          0       0       0       0       0       0       0
      Totals:         2       0       0       0       0       0       0
Total ram usage:        2 bytes
 Hardware stack levels used:    1
 Hardware stack levels required when called:    3
 This function calls:
		_lcd_cmd
 This function is called by:
		_main
 This function uses a non-reentrant model


 *************** function _lcd_cmd *****************
 Defined at:
		line 28 in file "myLCD.c"
 Parameters:    Size  Location     Type
  cmd             1    wreg     unsigned char 
 Auto vars:     Size  Location     Type
  cmd             1    4[COMRAM] unsigned char 
 Return value:  Size  Location     Type
                  1    wreg      void 
 Registers used:
		wreg, status,2, status,0, cstack
 Tracked objects:
		On entry : 
		On exit  : 
		Unchanged: 
 Data sizes:     COMRAM   BANK0   BANK1   BANK2   BANK3   BANK4   BANK5
      Params:         0       0       0       0       0       0       0
      Locals:         1       0       0       0       0       0       0
      Temps:          0       0       0       0       0       0       0
      Totals:         1       0       0       0       0       0       0
Total ram usage:        1 bytes
 Hardware stack levels used:    1
 Hardware stack levels required when called:    2
 This function calls:
		_lcd_byte
 This function is called by:
		_lcd_gotoxy
		_lcd_init
 This function uses a non-reentrant model


 *************** function _lcd_byte *****************
 Defined at:
		line 20 in file "myLCD.c"
 Parameters:    Size  Location     Type
  byte            1    wreg     unsigned char 
 Auto vars:     Size  Location     Type
  byte            1    3[COMRAM] unsigned char 
 Return value:  Size  Location     Type
                  1    wreg      void 
 Registers used:
		wreg, status,2, status,0, cstack
 Tracked objects:
		On entry : 
		On exit  : 
		Unchanged: 
 Data sizes:     COMRAM   BANK0   BANK1   BANK2   BANK3   BANK4   BANK5
      Params:         0       0       0       0       0       0       0
      Locals:         1       0       0       0       0       0       0
      Temps:          0       0       0       0       0       0       0
      Totals:         1       0       0       0       0       0       0
Total ram usage:        1 bytes
 Hardware stack levels used:    1
 Hardware stack levels required when called:    1
 This function calls:
		_lcd_nible
 This function is called by:
		_lcd_cmd
		_lcd_putc
 This function uses a non-reentrant model


 *************** function _lcd_nible *****************
 Defined at:
		line 6 in file "myLCD.c"
 Parameters:    Size  Location     Type
  nible           1    wreg     unsigned char 
 Auto vars:     Size  Location     Type
  nible           1    2[COMRAM] unsigned char 
 Return value:  Size  Location     Type
                  1    wreg      void 
 Registers used:
		wreg, status,2, status,0
 Tracked objects:
		On entry : 
		On exit  : 
		Unchanged: 
 Data sizes:     COMRAM   BANK0   BANK1   BANK2   BANK3   BANK4   BANK5
      Params:         0       0       0       0       0       0       0
      Locals:         1       0       0       0       0       0       0
      Temps:          2       0       0       0       0       0       0
      Totals:         3       0       0       0       0       0       0
Total ram usage:        3 bytes
 Hardware stack levels used:    1
 This function calls:
		Nothing
 This function is called by:
		_lcd_byte
		_lcd_init
 This function uses a non-reentrant model



MODULE INFORMATION

Module		Function		Class		Link	Load	Size
myLCD.c
		_lcd_byte      		CODE           	08A0	0000	25
		_lcd_putc      		CODE           	0906	0000	15
		_lcd_puts      		CODE           	0732	0000	83
		_lcd_cmd       		CODE           	0914	0000	15
		_lcd_nible     		CODE           	06A2	0000	145
		_lcd_gotoxy    		CODE           	0784	0000	67
		_lcd_init      		CODE           	060C	0000	151

myLCD.c estimated size: 501

shared
		__initialization		CODE           	08B8	0000	13

shared estimated size: 13

main.c
		_main          		CODE           	07C6	0000	61

main.c estimated size: 61

myUart.c
		_uartGets      		CODE           	083E	0000	51
		_uartDataRdy   		CODE           	0922	0000	13
		_uartStart     		CODE           	0936	0000	7
		_uartIntMode   		CODE           	0870	0000	25
		_uartBaudrateMode		CODE           	08F8	0000	15
		_uartBitMode   		CODE           	0888	0000	25
		_uartRxMode    		CODE           	08EA	0000	15
		_uartSetBaudrate		CODE           	092E	0000	9
		_uartRead      		CODE           	093C	0000	5
		_uartOpen      		CODE           	0802	0000	61
		_uartSyncMode  		CODE           	08DC	0000	15
		_uartSynchMode 		CODE           	08CE	0000	15

myUart.c estimated size: 256

