Microchip MPLAB XC8 Compiler V1.41 ()

Linker command line:

-W-3 --edf=C:\Program Files (x86)\Microchip\xc8\v1.41\dat\en_msgs.txt -cs \
  -h+dist/default/production\DoADC.X.production.sym \
  --cmf=dist/default/production\DoADC.X.production.cmf -z -Q18F4520 \
  -oD:\WTepms\Temp\s490.2 -Mdist/default/production/DoADC.X.production.map \
  -E1 -ver=XC8 -ASTACK=080h-05ffh -pstack=STACK -ACODE=00h-07FFFh \
  -ACONST=00h-07FFFh -ASMALLCONST=0600h-06FFhx122 \
  -AMEDIUMCONST=0600h-07FFFh -ACOMRAM=01h-07Fh -AABS1=00h-05FFh \
  -ABIGRAM=01h-05FFh -ARAM=080h-0FFh,0100h-01FFhx5 -ABANK0=080h-0FFh \
  -ABANK1=0100h-01FFh -ABANK2=0200h-02FFh -ABANK3=0300h-03FFh \
  -ABANK4=0400h-04FFh -ABANK5=0500h-05FFh -ASFR=0F80h-0FFFh \
  -preset_vec=00h,intcode,intcodelo,powerup,init -pramtop=0600h \
  -psmallconst=SMALLCONST -pmediumconst=MEDIUMCONST -pconst=CONST \
  -AFARRAM=00h-00h -ACONFIG=0300000h-030000Dh -pconfig=CONFIG \
  -AIDLOC=0200000h-0200007h -pidloc=IDLOC -AEEDATA=0F00000h-0F000FFh \
  -peeprom_data=EEDATA \
  -prdata=COMRAM,nvrram=COMRAM,nvbit=COMRAM,rbss=COMRAM,rbit=COMRAM \
  -pfarbss=FARRAM,fardata=FARRAM,nvFARRAM=FARRAM \
  -pintsave_regs=BIGRAM,bigbss=BIGRAM,bigdata=BIGRAM -pbss=RAM \
  -pidata=CODE,irdata=CODE,ibigdata=CODE,ifardata=CODE -prparam=COMRAM \
  D:\WTepms\Temp\s490.obj dist/default/production\DoADC.X.production.obj 

Object code version is 3.11

Machine type is 18F4520

Call graph: (short form)




                Name                               Link     Load   Length Selector   Space Scale
D:\WTepms\Temp\s490.obj
                init                                  0        0        4        0       0
                idloc                            200000   200000        8   200000       0
                config                           300000   300000        E   300000       0
dist/default/production\DoADC.X.production.obj
                smallconst                          600      600       1C      300       0
                text36                              DE6      DE6       14      30E       0
                text35                              DA2      DA2       18      30E       0
                text34                              E7A      E7A        E      30E       0
                text33                              DFA      DFA       10      30E       0
                text32                              E6C      E6C        E      30E       0
                text31                              E5E      E5E        E      30E       0
                text30                              CE4      CE4       32      30E       0
                text29                              E94      E94        C      30E       0
                text28                              DD0      DD0       16      30E       0
                text27                              EBC      EBC        6      30E       0
                text26                              EB6      EB6        6      30E       0
                text25                              C66      C66       42      30E       0
                text24                              9C2      9C2       90      30E       0
                text23                              D8A      D8A       18      30E       0
                text22                              E50      E50        E      30E       0
                text21                              C24      C24       42      30E       0
                text20                              92C      92C       96      30E       0
                text19                              E42      E42        E      30E       0
                text18                              B90      B90       52      30E       0
                text17                              B3E      B3E       52      30E       0
                text16                              BE2      BE2       42      30E       0
                text15                              D16      D16       26      30E       0
                text14                              D3C      D3C       1E      30E       0
                text13                              61C      61C      310      30E       0
                text12                              E34      E34        E      30E       0
                text11                              D72      D72       18      30E       0
                text10                              D5A      D5A       18      30E       0
                text9                               E26      E26        E      30E       0
                text8                               EA8      EA8        8      30E       0
                text7                               EB0      EB0        6      30E       0
                text6                               E18      E18        E      30E       0
                text5                               E0A      E0A        E      30E       0
                text4                               CA8      CA8       3C      30E       0
                text3                               E88      E88        C      30E       0
                text2                               EA0      EA0        8      30E       0
                text1                               ADC      ADC       62      30E       0
                text0                               A52      A52       8A      30E       0
                cstackCOMRAM                         59       59       21        1       1
                bssCOMRAM                             1        1       58        1       1
                cinit                               DBA      DBA       16      30E       0

TOTAL           Name                               Link     Load   Length     Space
        CLASS   STACK          

        CLASS   CODE           
                init                                  0        0        4         0
                text36                              DE6      DE6       14         0
                text35                              DA2      DA2       18         0
                text34                              E7A      E7A        E         0
                text33                              DFA      DFA       10         0
                text32                              E6C      E6C        E         0
                text31                              E5E      E5E        E         0
                text30                              CE4      CE4       32         0
                text29                              E94      E94        C         0
                text28                              DD0      DD0       16         0
                text27                              EBC      EBC        6         0
                text26                              EB6      EB6        6         0
                text25                              C66      C66       42         0
                text24                              9C2      9C2       90         0
                text23                              D8A      D8A       18         0
                text22                              E50      E50        E         0
                text21                              C24      C24       42         0
                text20                              92C      92C       96         0
                text19                              E42      E42        E         0
                text18                              B90      B90       52         0
                text17                              B3E      B3E       52         0
                text16                              BE2      BE2       42         0
                text15                              D16      D16       26         0
                text14                              D3C      D3C       1E         0
                text13                              61C      61C      310         0
                text12                              E34      E34        E         0
                text11                              D72      D72       18         0
                text10                              D5A      D5A       18         0
                text9                               E26      E26        E         0
                text8                               EA8      EA8        8         0
                text7                               EB0      EB0        6         0
                text6                               E18      E18        E         0
                text5                               E0A      E0A        E         0
                text4                               CA8      CA8       3C         0
                text3                               E88      E88        C         0
                text2                               EA0      EA0        8         0
                text1                               ADC      ADC       62         0
                text0                               A52      A52       8A         0
                cinit                               DBA      DBA       16         0

        CLASS   CONST          

        CLASS   SMALLCONST     
                smallconst                          600      600       1C         0

        CLASS   MEDIUMCONST    

        CLASS   COMRAM         
                cstackCOMRAM                         59       59       21         1
                bssCOMRAM                             1        1       58         1

        CLASS   ABS1           

        CLASS   BIGRAM         

        CLASS   RAM            

        CLASS   BANK0          

        CLASS   BANK1          

        CLASS   BANK2          

        CLASS   BANK3          

        CLASS   BANK4          

        CLASS   BANK5          

        CLASS   SFR            

        CLASS   FARRAM         

        CLASS   CONFIG         
                config                           300000   300000        E         0

        CLASS   IDLOC          
                idloc                            200000   200000        8         0

        CLASS   EEDATA         



SEGMENTS        Name                           Load    Length   Top    Selector   Space  Class

                reset_vec                      000000  000004  000004         0       0  CODE    
                bssCOMRAM                      000001  000079  00007A         1       1  COMRAM  
                smallconst                     000600  00001C  00061C       300       0  SMALLCON
                text13                         00061C  0008A6  000EC2       30E       0  CODE    
                idloc                          200000  000008  200008    200000       0  IDLOC   
                config                         300000  00000E  30000E    300000       0  CONFIG  


UNUSED ADDRESS RANGES

        Name                Unused          Largest block    Delta
        BANK0            000080-0000FF               80
        BANK1            000100-0001FF              100
        BANK2            000200-0002FF              100
        BANK3            000300-0003FF              100
        BANK4            000400-0004FF              100
        BANK5            000500-0005FF              100
        BIGRAM           00007A-0005FF              586
        CODE             000004-0005FF              5FC
                         000EC2-007FFF             713E
        COMRAM           00007A-00007F                6
        CONST            000004-0005FF              5FC
                         000EC2-007FFF             713E
        EEDATA           F00000-F000FF              100
        MEDIUMCONST      000EC2-007FFF             713E
        RAM              000080-0005FF              100
        SFR              000F80-000FFF               80
        SMALLCONST       000EC2-007FFF              100
        STACK            000080-0005FF              580

                                  Symbol Table

?___lwdiv                  cstackCOMRAM 000059
?___lwmod                  cstackCOMRAM 000060
?___wmul                   cstackCOMRAM 000059
?_adcRead                  cstackCOMRAM 00005B
?_sprintf                  cstackCOMRAM 000065
_ADCON0                    (abs)        000FC2
_ADCON0bits                (abs)        000FC2
_ADCON1                    (abs)        000FC1
_ADCON1bits                (abs)        000FC1
_ADCON2                    (abs)        000FC0
_ADCON2bits                (abs)        000FC0
_ADRESH                    (abs)        000FC4
_ADRESL                    (abs)        000FC3
_INTCONbits                (abs)        000FF2
_LATDbits                  (abs)        000F8C
_PIE1bits                  (abs)        000F9D
_PIR1bits                  (abs)        000F9E
_RCREG                     (abs)        000FAE
_RCSTA                     (abs)        000FAB
_RCSTAbits                 (abs)        000FAB
_SPBRG                     (abs)        000FAF
_TRISDbits                 (abs)        000F95
_TXREG                     (abs)        000FAD
_TXSTA                     (abs)        000FAC
_TXSTAbits                 (abs)        000FAC
__CFG_BOREN$OFF            (abs)        000000
__CFG_BORV$3               (abs)        000000
__CFG_CCP2MX$PORTC         (abs)        000000
__CFG_FCMEN$OFF            (abs)        000000
__CFG_IESO$OFF             (abs)        000000
__CFG_LPT1OSC$OFF          (abs)        000000
__CFG_LVP$ON               (abs)        000000
__CFG_MCLRE$ON             (abs)        000000
__CFG_OSC$HS               (abs)        000000
__CFG_PBADEN$OFF           (abs)        000000
__CFG_PWRT$OFF             (abs)        000000
__CFG_STVREN$ON            (abs)        000000
__CFG_WDT$OFF              (abs)        000000
__CFG_WDTPS$32768          (abs)        000000
__CFG_XINST$OFF            (abs)        000000
__HRAM                     (abs)        000000
__Habs1                    abs1         000000
__Hbank0                   bank0        000000
__Hbank1                   bank1        000000
__Hbank2                   bank2        000000
__Hbank3                   bank3        000000
__Hbank4                   bank4        000000
__Hbank5                   bank5        000000
__Hbigbss                  bigbss       000000
__Hbigdata                 bigdata      000000
__Hbigram                  bigram       000000
__Hbss                     bss          000000
__HbssCOMRAM               bssCOMRAM    000000
__Hcinit                   cinit        000000
__Hclrtext                 clrtext      000000
__Hcomram                  comram       000000
__Hconfig                  config       30000E
__Hconst                   const        000000
__HcstackCOMRAM            cstackCOMRAM 000000
__Hdata                    data         000000
__Heeprom_data             eeprom_data  000000
__Hfarbss                  farbss       000000
__Hfardata                 fardata      000000
__Hibigdata                ibigdata     000000
__Hidata                   idata        000000
__Hidloc                   idloc        200008
__Hifardata                ifardata     000000
__Hinit                    init         000004
__Hintcode                 intcode      000000
__Hintcode_body            intcode_body 000000
__Hintcodelo               intcodelo    000000
__Hintentry                intentry     000000
__Hintret                  intret       000000
__Hintsave_regs            intsave_regs 000000
__Hirdata                  irdata       000000
__Hmediumconst             mediumconst  000000
__HnvFARRAM                nvFARRAM     000000
__Hnvbit                   nvbit        000000
__Hnvrram                  nvrram       000000
__Hparam                   rparam       000000
__Hpowerup                 powerup      000000
__Hram                     ram          000000
__Hramtop                  ramtop       000600
__Hrbit                    rbit         000000
__Hrbss                    rbss         000000
__Hrdata                   rdata        000000
__Hreset_vec               reset_vec    000000
__Hrparam                  rparam       000000
__Hsfr                     sfr          000000
__Hsmallconst              smallconst   00061C
__Hspace_0                 (abs)        30000E
__Hspace_1                 (abs)        00007A
__Hspace_2                 (abs)        000000
__Hstack                   stack        000000
__Hstruct                  struct       000000
__Htemp                    temp         000000
__Htext                    text         000000
__Htext0                   text0        000000
__Htext1                   text1        000000
__Htext10                  text10       000000
__Htext11                  text11       000000
__Htext12                  text12       000000
__Htext13                  text13       000000
__Htext14                  text14       000000
__Htext15                  text15       000000
__Htext16                  text16       000000
__Htext17                  text17       000000
__Htext18                  text18       000000
__Htext19                  text19       000000
__Htext2                   text2        000000
__Htext20                  text20       000000
__Htext21                  text21       000000
__Htext22                  text22       000000
__Htext23                  text23       000000
__Htext24                  text24       000000
__Htext25                  text25       000000
__Htext26                  text26       000000
__Htext27                  text27       000000
__Htext28                  text28       000000
__Htext29                  text29       000000
__Htext3                   text3        000000
__Htext30                  text30       000000
__Htext31                  text31       000000
__Htext32                  text32       000000
__Htext33                  text33       000000
__Htext34                  text34       000000
__Htext35                  text35       000000
__Htext36                  text36       000000
__Htext4                   text4        000000
__Htext5                   text5        000000
__Htext6                   text6        000000
__Htext7                   text7        000000
__Htext8                   text8        000000
__Htext9                   text9        000000
__LRAM                     (abs)        000001
__Labs1                    abs1         000000
__Lbank0                   bank0        000000
__Lbank1                   bank1        000000
__Lbank2                   bank2        000000
__Lbank3                   bank3        000000
__Lbank4                   bank4        000000
__Lbank5                   bank5        000000
__Lbigbss                  bigbss       000000
__Lbigdata                 bigdata      000000
__Lbigram                  bigram       000000
__Lbss                     bss          000000
__LbssCOMRAM               bssCOMRAM    000000
__Lcinit                   cinit        000000
__Lclrtext                 clrtext      000000
__Lcomram                  comram       000000
__Lconfig                  config       300000
__Lconst                   const        000000
__LcstackCOMRAM            cstackCOMRAM 000000
__Ldata                    data         000000
__Leeprom_data             eeprom_data  000000
__Lfarbss                  farbss       000000
__Lfardata                 fardata      000000
__Libigdata                ibigdata     000000
__Lidata                   idata        000000
__Lidloc                   idloc        200000
__Lifardata                ifardata     000000
__Linit                    init         000000
__Lintcode                 intcode      000000
__Lintcode_body            intcode_body 000000
__Lintcodelo               intcodelo    000000
__Lintentry                intentry     000000
__Lintret                  intret       000000
__Lintsave_regs            intsave_regs 000000
__Lirdata                  irdata       000000
__Lmediumconst             mediumconst  000000
__LnvFARRAM                nvFARRAM     000000
__Lnvbit                   nvbit        000000
__Lnvrram                  nvrram       000000
__Lparam                   rparam       000000
__Lpowerup                 powerup      000000
__Lram                     ram          000000
__Lramtop                  ramtop       000600
__Lrbit                    rbit         000000
__Lrbss                    rbss         000000
__Lrdata                   rdata        000000
__Lreset_vec               reset_vec    000000
__Lrparam                  rparam       000000
__Lsfr                     sfr          000000
__Lsmallconst              smallconst   000600
__Lspace_0                 (abs)        000000
__Lspace_1                 (abs)        000000
__Lspace_2                 (abs)        000000
__Lstack                   stack        000000
__Lstruct                  struct       000000
__Ltemp                    temp         000000
__Ltext                    text         000000
__Ltext0                   text0        000000
__Ltext1                   text1        000000
__Ltext10                  text10       000000
__Ltext11                  text11       000000
__Ltext12                  text12       000000
__Ltext13                  text13       000000
__Ltext14                  text14       000000
__Ltext15                  text15       000000
__Ltext16                  text16       000000
__Ltext17                  text17       000000
__Ltext18                  text18       000000
__Ltext19                  text19       000000
__Ltext2                   text2        000000
__Ltext20                  text20       000000
__Ltext21                  text21       000000
__Ltext22                  text22       000000
__Ltext23                  text23       000000
__Ltext24                  text24       000000
__Ltext25                  text25       000000
__Ltext26                  text26       000000
__Ltext27                  text27       000000
__Ltext28                  text28       000000
__Ltext29                  text29       000000
__Ltext3                   text3        000000
__Ltext30                  text30       000000
__Ltext31                  text31       000000
__Ltext32                  text32       000000
__Ltext33                  text33       000000
__Ltext34                  text34       000000
__Ltext35                  text35       000000
__Ltext36                  text36       000000
__Ltext4                   text4        000000
__Ltext5                   text5        000000
__Ltext6                   text6        000000
__Ltext7                   text7        000000
__Ltext8                   text8        000000
__Ltext9                   text9        000000
__S0                       (abs)        30000E
__S1                       (abs)        00007A
__S2                       (abs)        000000
___inthi_sp                stack        000000
___intlo_sp                stack        000000
___lwdiv                   text17       000B3E
___lwdiv@counter           cstackCOMRAM 00005F
___lwdiv@dividend          cstackCOMRAM 000059
___lwdiv@divisor           cstackCOMRAM 00005B
___lwdiv@quotient          cstackCOMRAM 00005D
___lwmod                   text16       000BE2
___lwmod@counter           cstackCOMRAM 000064
___lwmod@dividend          cstackCOMRAM 000060
___lwmod@divisor           cstackCOMRAM 000062
___param_bank              (abs)        000000
___rparam_used             (abs)        000001
___sp                      stack        000000
___wmul                    text15       000D16
___wmul@multiplicand       cstackCOMRAM 00005B
___wmul@multiplier         cstackCOMRAM 000059
___wmul@product            cstackCOMRAM 00005D
__accesstop                (abs)        000080
__activetblptr             (abs)        000002
__end_of___lwdiv           text17       000B90
__end_of___lwmod           text16       000C24
__end_of___wmul            text15       000D3C
__end_of__initialization   cinit        000DC6
__end_of_acdVoltRef        text36       000DFA
__end_of_adcAcqTime        text35       000DBA
__end_of_adcBusy           text29       000EA0
__end_of_adcClock          text34       000E88
__end_of_adcInit           text30       000D16
__end_of_adcInterrupt      text33       000E0A
__end_of_adcPortConfig     text32       000E7A
__end_of_adcRead           text25       000CA8
__end_of_adcResultJust     text31       000E6C
__end_of_adcSetChannel     text28       000DE6
__end_of_adcStart          text27       000EC2
__end_of_adcStop           text26       000EBC
__end_of_dpowers           smallconst   00060B
__end_of_isdigit           text14       000D5A
__end_of_lcdByte           text23       000DA2
__end_of_lcdCmd            text22       000E5E
__end_of_lcdGotoxy         text21       000C66
__end_of_lcdInit           text20       0009C2
__end_of_lcdNible          text24       000A52
__end_of_lcdPutc           text19       000E50
__end_of_lcdPuts           text18       000BE2
__end_of_main              text0        000ADC
__end_of_sprintf           text13       00092C
__end_of_uartBaudrateMode  text12       000E42
__end_of_uartBitMode       text11       000D8A
__end_of_uartBusy          text3        000E94
__end_of_uartIntMode       text10       000D72
__end_of_uartOpen          text4        000CE4
__end_of_uartPuts          text1        000B3E
__end_of_uartRxMode        text9        000E34
__end_of_uartSetBaudrate   text8        000EB0
__end_of_uartStart         text7        000EB6
__end_of_uartSyncMode      text6        000E26
__end_of_uartSynchMode     text5        000E18
__end_of_uartWrite         text2        000EA8
__initialization           cinit        000DBA
__mediumconst              mediumconst  000000
__pbssCOMRAM               bssCOMRAM    000001
__pcinit                   cinit        000DBA
__pcstackCOMRAM            cstackCOMRAM 000059
__psmallconst              smallconst   000600
__ptext0                   text0        000A52
__ptext1                   text1        000ADC
__ptext10                  text10       000D5A
__ptext11                  text11       000D72
__ptext12                  text12       000E34
__ptext13                  text13       00061C
__ptext14                  text14       000D3C
__ptext15                  text15       000D16
__ptext16                  text16       000BE2
__ptext17                  text17       000B3E
__ptext18                  text18       000B90
__ptext19                  text19       000E42
__ptext2                   text2        000EA0
__ptext20                  text20       00092C
__ptext21                  text21       000C24
__ptext22                  text22       000E50
__ptext23                  text23       000D8A
__ptext24                  text24       0009C2
__ptext25                  text25       000C66
__ptext26                  text26       000EB6
__ptext27                  text27       000EBC
__ptext28                  text28       000DD0
__ptext29                  text29       000E94
__ptext3                   text3        000E88
__ptext30                  text30       000CE4
__ptext31                  text31       000E5E
__ptext32                  text32       000E6C
__ptext33                  text33       000DFA
__ptext34                  text34       000E7A
__ptext35                  text35       000DA2
__ptext36                  text36       000DE6
__ptext4                   text4        000CA8
__ptext5                   text5        000E0A
__ptext6                   text6        000E18
__ptext7                   text7        000EB0
__ptext8                   text8        000EA8
__ptext9                   text9        000E26
__ramtop                   ramtop       000600
__size_of___lwdiv          (abs)        000000
__size_of___lwmod          (abs)        000000
__size_of___wmul           (abs)        000000
__size_of_acdVoltRef       (abs)        000000
__size_of_adcAcqTime       (abs)        000000
__size_of_adcBusy          (abs)        000000
__size_of_adcClock         (abs)        000000
__size_of_adcInit          (abs)        000000
__size_of_adcInterrupt     (abs)        000000
__size_of_adcPortConfig    (abs)        000000
__size_of_adcRead          (abs)        000000
__size_of_adcResultJust    (abs)        000000
__size_of_adcSetChannel    (abs)        000000
__size_of_adcStart         (abs)        000000
__size_of_adcStop          (abs)        000000
__size_of_isdigit          (abs)        000000
__size_of_lcdByte          (abs)        000000
__size_of_lcdCmd           (abs)        000000
__size_of_lcdGotoxy        (abs)        000000
__size_of_lcdInit          (abs)        000000
__size_of_lcdNible         (abs)        000000
__size_of_lcdPutc          (abs)        000000
__size_of_lcdPuts          (abs)        000000
__size_of_main             (abs)        000000
__size_of_sprintf          (abs)        000000
__size_of_uartBaudrateMode (abs)        000000
__size_of_uartBitMode      (abs)        000000
__size_of_uartBusy         (abs)        000000
__size_of_uartIntMode      (abs)        000000
__size_of_uartOpen         (abs)        000000
__size_of_uartPuts         (abs)        000000
__size_of_uartRxMode       (abs)        000000
__size_of_uartSetBaudrate  (abs)        000000
__size_of_uartStart        (abs)        000000
__size_of_uartSyncMode     (abs)        000000
__size_of_uartSynchMode    (abs)        000000
__size_of_uartWrite        (abs)        000000
__smallconst               smallconst   000600
_acdVoltRef                text36       000DE6
_ad                        bssCOMRAM    000001
_adcAcqTime                text35       000DA2
_adcBusy                   text29       000E94
_adcClock                  text34       000E7A
_adcInit                   text30       000CE4
_adcInterrupt              text33       000DFA
_adcPortConfig             text32       000E6C
_adcRead                   text25       000C66
_adcResultJust             text31       000E5E
_adcSetChannel             text28       000DD0
_adcStart                  text27       000EBC
_adcStop                   text26       000EB6
_buff                      bssCOMRAM    000003
_dpowers                   smallconst   000601
_isdigit                   text14       000D3C
_isdigit$926               cstackCOMRAM 00005A
_lcdByte                   text23       000D8A
_lcdCmd                    text22       000E50
_lcdGotoxy                 text21       000C24
_lcdInit                   text20       00092C
_lcdNible                  text24       0009C2
_lcdPutc                   text19       000E42
_lcdPuts                   text18       000B90
_main                      text0        000A52
_sprintf                   text13       00061C
_uartBaudrateMode          text12       000E34
_uartBitMode               text11       000D72
_uartBusy                  text3        000E88
_uartIntMode               text10       000D5A
_uartOpen                  text4        000CA8
_uartPuts                  text1        000ADC
_uartRxMode                text9        000E26
_uartSetBaudrate           text8        000EA8
_uartStart                 text7        000EB0
_uartSyncMode              text6        000E18
_uartSynchMode             text5        000E0A
_uartWrite                 text2        000EA0
acdVoltRef@vref            cstackCOMRAM 00005A
adcAcqTime@tad             cstackCOMRAM 00005A
adcClock@clk               cstackCOMRAM 000059
adcInterrupt@config        cstackCOMRAM 000059
adcPortConfig@config       cstackCOMRAM 000059
adcRead@adcResult          cstackCOMRAM 000063
adcRead@adcResultLSB       cstackCOMRAM 000061
adcRead@adcResultMSB       cstackCOMRAM 00005F
adcRead@ch                 cstackCOMRAM 000065
adcResultJust@just         cstackCOMRAM 000059
adcSetChannel@channel      cstackCOMRAM 00005A
end_of_initialization      cinit        000DC6
intlevel0                  text         000000
intlevel1                  text         000000
intlevel2                  text         000000
intlevel3                  text         000000
isdigit@c                  cstackCOMRAM 00005B
lcdByte@byte               cstackCOMRAM 00005C
lcdCmd@cmd                 cstackCOMRAM 00005D
lcdGotoxy@col              cstackCOMRAM 00005F
lcdGotoxy@row              cstackCOMRAM 00005E
lcdNible@nible             cstackCOMRAM 00005B
lcdPutc@chr                cstackCOMRAM 00005D
lcdPuts@str                cstackCOMRAM 00005E
sprintf@ap                 cstackCOMRAM 00006F
sprintf@c                  cstackCOMRAM 000077
sprintf@f                  cstackCOMRAM 000067
sprintf@flag               cstackCOMRAM 000071
sprintf@prec               cstackCOMRAM 000076
sprintf@sp                 cstackCOMRAM 000065
sprintf@val                cstackCOMRAM 000072
sprintf@width              cstackCOMRAM 000074
stackhi                    (abs)        0005FF
stacklo                    (abs)        000080
start                      init         000000
start_initialization       cinit        000DBA
uartBaudrateMode@mode      cstackCOMRAM 000059
uartBitMode@mode           cstackCOMRAM 000059
uartIntMode@rxMode         cstackCOMRAM 000059
uartIntMode@txMode         cstackCOMRAM 00005A
uartPuts@str               cstackCOMRAM 00005A
uartRxMode@mode            cstackCOMRAM 000059
uartSetBaudrate@spbrg      cstackCOMRAM 000059
uartSyncMode@mode          cstackCOMRAM 000059
uartSynchMode@mode         cstackCOMRAM 000059
uartWrite@data             cstackCOMRAM 000059


FUNCTION INFORMATION:

 *************** function _main *****************
 Defined at:
		line 12 in file "main.c"
 Parameters:    Size  Location     Type
		None
 Auto vars:     Size  Location     Type
		None
 Return value:  Size  Location     Type
                  1    wreg      void 
 Registers used:
		wreg, fsr0l, fsr0h, fsr2l, fsr2h, status,2, status,0, tblptrl, tblptrh, tblptru, prodl, prodh, cstack
 Tracked objects:
		On entry : 
		On exit  : 
		Unchanged: 
 Data sizes:     COMRAM   BANK0   BANK1   BANK2   BANK3   BANK4   BANK5
      Params:         0       0       0       0       0       0       0
      Locals:         0       0       0       0       0       0       0
      Temps:          2       0       0       0       0       0       0
      Totals:         2       0       0       0       0       0       0
Total ram usage:        2 bytes
 Hardware stack levels required when called:    4
 This function calls:
		_adcInit
		_adcRead
		_lcdGotoxy
		_lcdInit
		_lcdPuts
		_sprintf
		_uartOpen
		_uartPuts
 This function is called by:
		Startup code after reset
 This function uses a non-reentrant model


 *************** function _uartPuts *****************
 Defined at:
		line 97 in file "myUart.c"
 Parameters:    Size  Location     Type
  str             2    1[COMRAM] PTR unsigned char 
		 -> STR_3(2), buff(86), 
 Auto vars:     Size  Location     Type
		None
 Return value:  Size  Location     Type
                  1    wreg      void 
 Registers used:
		wreg, fsr0l, fsr0h, status,2, status,0, tblptrl, tblptrh, tblptru, cstack
 Tracked objects:
		On entry : 
		On exit  : 
		Unchanged: 
 Data sizes:     COMRAM   BANK0   BANK1   BANK2   BANK3   BANK4   BANK5
      Params:         2       0       0       0       0       0       0
      Locals:         0       0       0       0       0       0       0
      Temps:          2       0       0       0       0       0       0
      Totals:         4       0       0       0       0       0       0
Total ram usage:        4 bytes
 Hardware stack levels used:    1
 Hardware stack levels required when called:    1
 This function calls:
		_uartBusy
		_uartWrite
 This function is called by:
		_main
 This function uses a non-reentrant model


 *************** function _uartWrite *****************
 Defined at:
		line 78 in file "myUart.c"
 Parameters:    Size  Location     Type
  data            1    wreg     unsigned char 
 Auto vars:     Size  Location     Type
  data            1    0[COMRAM] unsigned char 
 Return value:  Size  Location     Type
                  1    wreg      void 
 Registers used:
		wreg
 Tracked objects:
		On entry : 
		On exit  : 
		Unchanged: 
 Data sizes:     COMRAM   BANK0   BANK1   BANK2   BANK3   BANK4   BANK5
      Params:         0       0       0       0       0       0       0
      Locals:         1       0       0       0       0       0       0
      Temps:          0       0       0       0       0       0       0
      Totals:         1       0       0       0       0       0       0
Total ram usage:        1 bytes
 Hardware stack levels used:    1
 This function calls:
		Nothing
 This function is called by:
		_uartPuts
 This function uses a non-reentrant model


 *************** function _uartBusy *****************
 Defined at:
		line 116 in file "myUart.c"
 Parameters:    Size  Location     Type
		None
 Auto vars:     Size  Location     Type
		None
 Return value:  Size  Location     Type
                  1    wreg      unsigned char 
 Registers used:
		wreg
 Tracked objects:
		On entry : 
		On exit  : 
		Unchanged: 
 Data sizes:     COMRAM   BANK0   BANK1   BANK2   BANK3   BANK4   BANK5
      Params:         0       0       0       0       0       0       0
      Locals:         0       0       0       0       0       0       0
      Temps:          0       0       0       0       0       0       0
      Totals:         0       0       0       0       0       0       0
Total ram usage:        0 bytes
 Hardware stack levels used:    1
 This function calls:
		Nothing
 This function is called by:
		_uartPuts
 This function uses a non-reentrant model


 *************** function _uartOpen *****************
 Defined at:
		line 55 in file "myUart.c"
 Parameters:    Size  Location     Type
		None
 Auto vars:     Size  Location     Type
		None
 Return value:  Size  Location     Type
                  1    wreg      void 
 Registers used:
		wreg, status,2, cstack
 Tracked objects:
		On entry : 
		On exit  : 
		Unchanged: 
 Data sizes:     COMRAM   BANK0   BANK1   BANK2   BANK3   BANK4   BANK5
      Params:         0       0       0       0       0       0       0
      Locals:         0       0       0       0       0       0       0
      Temps:          0       0       0       0       0       0       0
      Totals:         0       0       0       0       0       0       0
Total ram usage:        0 bytes
 Hardware stack levels used:    1
 Hardware stack levels required when called:    1
 This function calls:
		_uartBaudrateMode
		_uartBitMode
		_uartIntMode
		_uartRxMode
		_uartSetBaudrate
		_uartStart
		_uartSyncMode
		_uartSynchMode
 This function is called by:
		_main
 This function uses a non-reentrant model


 *************** function _uartSynchMode *****************
 Defined at:
		line 38 in file "myUart.c"
 Parameters:    Size  Location     Type
  mode            1    wreg     unsigned char 
 Auto vars:     Size  Location     Type
  mode            1    0[COMRAM] unsigned char 
 Return value:  Size  Location     Type
                  1    wreg      void 
 Registers used:
		wreg
 Tracked objects:
		On entry : 
		On exit  : 
		Unchanged: 
 Data sizes:     COMRAM   BANK0   BANK1   BANK2   BANK3   BANK4   BANK5
      Params:         0       0       0       0       0       0       0
      Locals:         1       0       0       0       0       0       0
      Temps:          0       0       0       0       0       0       0
      Totals:         1       0       0       0       0       0       0
Total ram usage:        1 bytes
 Hardware stack levels used:    1
 This function calls:
		Nothing
 This function is called by:
		_uartOpen
 This function uses a non-reentrant model


 *************** function _uartSyncMode *****************
 Defined at:
		line 27 in file "myUart.c"
 Parameters:    Size  Location     Type
  mode            1    wreg     unsigned char 
 Auto vars:     Size  Location     Type
  mode            1    0[COMRAM] unsigned char 
 Return value:  Size  Location     Type
                  1    wreg      void 
 Registers used:
		wreg
 Tracked objects:
		On entry : 
		On exit  : 
		Unchanged: 
 Data sizes:     COMRAM   BANK0   BANK1   BANK2   BANK3   BANK4   BANK5
      Params:         0       0       0       0       0       0       0
      Locals:         1       0       0       0       0       0       0
      Temps:          0       0       0       0       0       0       0
      Totals:         1       0       0       0       0       0       0
Total ram usage:        1 bytes
 Hardware stack levels used:    1
 This function calls:
		Nothing
 This function is called by:
		_uartOpen
 This function uses a non-reentrant model


 *************** function _uartStart *****************
 Defined at:
		line 43 in file "myUart.c"
 Parameters:    Size  Location     Type
		None
 Auto vars:     Size  Location     Type
		None
 Return value:  Size  Location     Type
                  1    wreg      void 
 Registers used:
		None
 Tracked objects:
		On entry : 
		On exit  : 
		Unchanged: 
 Data sizes:     COMRAM   BANK0   BANK1   BANK2   BANK3   BANK4   BANK5
      Params:         0       0       0       0       0       0       0
      Locals:         0       0       0       0       0       0       0
      Temps:          0       0       0       0       0       0       0
      Totals:         0       0       0       0       0       0       0
Total ram usage:        0 bytes
 Hardware stack levels used:    1
 This function calls:
		Nothing
 This function is called by:
		_uartOpen
 This function uses a non-reentrant model


 *************** function _uartSetBaudrate *****************
 Defined at:
		line 18 in file "myUart.c"
 Parameters:    Size  Location     Type
  spbrg           1    wreg     unsigned char 
 Auto vars:     Size  Location     Type
  spbrg           1    0[COMRAM] unsigned char 
 Return value:  Size  Location     Type
                  1    wreg      void 
 Registers used:
		wreg
 Tracked objects:
		On entry : 
		On exit  : 
		Unchanged: 
 Data sizes:     COMRAM   BANK0   BANK1   BANK2   BANK3   BANK4   BANK5
      Params:         0       0       0       0       0       0       0
      Locals:         1       0       0       0       0       0       0
      Temps:          0       0       0       0       0       0       0
      Totals:         1       0       0       0       0       0       0
Total ram usage:        1 bytes
 Hardware stack levels used:    1
 This function calls:
		Nothing
 This function is called by:
		_uartOpen
 This function uses a non-reentrant model


 *************** function _uartRxMode *****************
 Defined at:
		line 22 in file "myUart.c"
 Parameters:    Size  Location     Type
  mode            1    wreg     unsigned char 
 Auto vars:     Size  Location     Type
  mode            1    0[COMRAM] unsigned char 
 Return value:  Size  Location     Type
                  1    wreg      void 
 Registers used:
		wreg
 Tracked objects:
		On entry : 
		On exit  : 
		Unchanged: 
 Data sizes:     COMRAM   BANK0   BANK1   BANK2   BANK3   BANK4   BANK5
      Params:         0       0       0       0       0       0       0
      Locals:         1       0       0       0       0       0       0
      Temps:          0       0       0       0       0       0       0
      Totals:         1       0       0       0       0       0       0
Total ram usage:        1 bytes
 Hardware stack levels used:    1
 This function calls:
		Nothing
 This function is called by:
		_uartOpen
 This function uses a non-reentrant model


 *************** function _uartIntMode *****************
 Defined at:
		line 7 in file "myUart.c"
 Parameters:    Size  Location     Type
  txMode          1    wreg     unsigned char 
  rxMode          1    0[COMRAM] unsigned char 
 Auto vars:     Size  Location     Type
  txMode          1    1[COMRAM] unsigned char 
 Return value:  Size  Location     Type
                  1    wreg      void 
 Registers used:
		wreg
 Tracked objects:
		On entry : 
		On exit  : 
		Unchanged: 
 Data sizes:     COMRAM   BANK0   BANK1   BANK2   BANK3   BANK4   BANK5
      Params:         1       0       0       0       0       0       0
      Locals:         1       0       0       0       0       0       0
      Temps:          0       0       0       0       0       0       0
      Totals:         2       0       0       0       0       0       0
Total ram usage:        2 bytes
 Hardware stack levels used:    1
 This function calls:
		Nothing
 This function is called by:
		_uartOpen
 This function uses a non-reentrant model


 *************** function _uartBitMode *****************
 Defined at:
		line 32 in file "myUart.c"
 Parameters:    Size  Location     Type
  mode            1    wreg     unsigned char 
 Auto vars:     Size  Location     Type
  mode            1    0[COMRAM] unsigned char 
 Return value:  Size  Location     Type
                  1    wreg      void 
 Registers used:
		wreg
 Tracked objects:
		On entry : 
		On exit  : 
		Unchanged: 
 Data sizes:     COMRAM   BANK0   BANK1   BANK2   BANK3   BANK4   BANK5
      Params:         0       0       0       0       0       0       0
      Locals:         1       0       0       0       0       0       0
      Temps:          0       0       0       0       0       0       0
      Totals:         1       0       0       0       0       0       0
Total ram usage:        1 bytes
 Hardware stack levels used:    1
 This function calls:
		Nothing
 This function is called by:
		_uartOpen
 This function uses a non-reentrant model


 *************** function _uartBaudrateMode *****************
 Defined at:
		line 13 in file "myUart.c"
 Parameters:    Size  Location     Type
  mode            1    wreg     unsigned char 
 Auto vars:     Size  Location     Type
  mode            1    0[COMRAM] unsigned char 
 Return value:  Size  Location     Type
                  1    wreg      void 
 Registers used:
		wreg
 Tracked objects:
		On entry : 
		On exit  : 
		Unchanged: 
 Data sizes:     COMRAM   BANK0   BANK1   BANK2   BANK3   BANK4   BANK5
      Params:         0       0       0       0       0       0       0
      Locals:         1       0       0       0       0       0       0
      Temps:          0       0       0       0       0       0       0
      Totals:         1       0       0       0       0       0       0
Total ram usage:        1 bytes
 Hardware stack levels used:    1
 This function calls:
		Nothing
 This function is called by:
		_uartOpen
 This function uses a non-reentrant model


 *************** function _sprintf *****************
 Defined at:
		line 492 in file "C:\Program Files (x86)\Microchip\xc8\v1.41\sources\common\doprnt.c"
 Parameters:    Size  Location     Type
  sp              2   12[COMRAM] PTR unsigned char 
		 -> buff(86), 
  f               2   14[COMRAM] PTR const unsigned char 
		 -> STR_2(6), 
 Auto vars:     Size  Location     Type
  tmpval          4    0        struct .
  cp              3    0        PTR const unsigned char 
  width           2   27[COMRAM] int 
  val             2   25[COMRAM] unsigned int 
  ap              2   22[COMRAM] PTR void [1]
		 -> ?_sprintf(2), 
  len             2    0        unsigned int 
  c               1   30[COMRAM] char 
  prec            1   29[COMRAM] char 
  flag            1   24[COMRAM] unsigned char 
 Return value:  Size  Location     Type
                  2   12[COMRAM] int 
 Registers used:
		wreg, fsr2l, fsr2h, status,2, status,0, tblptrl, tblptrh, tblptru, prodl, prodh, cstack
 Tracked objects:
		On entry : 
		On exit  : 
		Unchanged: 
 Data sizes:     COMRAM   BANK0   BANK1   BANK2   BANK3   BANK4   BANK5
      Params:         6       0       0       0       0       0       0
      Locals:         9       0       0       0       0       0       0
      Temps:          4       0       0       0       0       0       0
      Totals:        19       0       0       0       0       0       0
Total ram usage:       19 bytes
 Hardware stack levels used:    1
 Hardware stack levels required when called:    1
 This function calls:
		___lwdiv
		___lwmod
		___wmul
		_isdigit
 This function is called by:
		_main
 This function uses a non-reentrant model


 *************** function _isdigit *****************
 Defined at:
		line 8 in file "C:\Program Files (x86)\Microchip\xc8\v1.41\sources\common\isdigit.c"
 Parameters:    Size  Location     Type
  c               1    wreg     unsigned char 
 Auto vars:     Size  Location     Type
  c               1    2[COMRAM] unsigned char 
 Return value:  Size  Location     Type
		None               void
 Registers used:
		wreg, status,2, status,0
 Tracked objects:
		On entry : 
		On exit  : 
		Unchanged: 
 Data sizes:     COMRAM   BANK0   BANK1   BANK2   BANK3   BANK4   BANK5
      Params:         0       0       0       0       0       0       0
      Locals:         2       0       0       0       0       0       0
      Temps:          1       0       0       0       0       0       0
      Totals:         3       0       0       0       0       0       0
Total ram usage:        3 bytes
 Hardware stack levels used:    1
 This function calls:
		Nothing
 This function is called by:
		_sprintf
 This function uses a non-reentrant model


 *************** function ___wmul *****************
 Defined at:
		line 15 in file "C:\Program Files (x86)\Microchip\xc8\v1.41\sources\common\Umul16.c"
 Parameters:    Size  Location     Type
  multiplier      2    0[COMRAM] unsigned int 
  multiplicand    2    2[COMRAM] unsigned int 
 Auto vars:     Size  Location     Type
  product         2    4[COMRAM] unsigned int 
 Return value:  Size  Location     Type
                  2    0[COMRAM] unsigned int 
 Registers used:
		wreg, status,2, status,0, prodl, prodh
 Tracked objects:
		On entry : 
		On exit  : 
		Unchanged: 
 Data sizes:     COMRAM   BANK0   BANK1   BANK2   BANK3   BANK4   BANK5
      Params:         4       0       0       0       0       0       0
      Locals:         2       0       0       0       0       0       0
      Temps:          0       0       0       0       0       0       0
      Totals:         6       0       0       0       0       0       0
Total ram usage:        6 bytes
 Hardware stack levels used:    1
 This function calls:
		Nothing
 This function is called by:
		_sprintf
 This function uses a non-reentrant model


 *************** function ___lwmod *****************
 Defined at:
		line 8 in file "C:\Program Files (x86)\Microchip\xc8\v1.41\sources\common\lwmod.c"
 Parameters:    Size  Location     Type
  dividend        2    7[COMRAM] unsigned int 
  divisor         2    9[COMRAM] unsigned int 
 Auto vars:     Size  Location     Type
  counter         1   11[COMRAM] unsigned char 
 Return value:  Size  Location     Type
                  2    7[COMRAM] unsigned int 
 Registers used:
		wreg, status,2, status,0
 Tracked objects:
		On entry : 
		On exit  : 
		Unchanged: 
 Data sizes:     COMRAM   BANK0   BANK1   BANK2   BANK3   BANK4   BANK5
      Params:         4       0       0       0       0       0       0
      Locals:         1       0       0       0       0       0       0
      Temps:          0       0       0       0       0       0       0
      Totals:         5       0       0       0       0       0       0
Total ram usage:        5 bytes
 Hardware stack levels used:    1
 This function calls:
		Nothing
 This function is called by:
		_sprintf
 This function uses a non-reentrant model


 *************** function ___lwdiv *****************
 Defined at:
		line 8 in file "C:\Program Files (x86)\Microchip\xc8\v1.41\sources\common\lwdiv.c"
 Parameters:    Size  Location     Type
  dividend        2    0[COMRAM] unsigned int 
  divisor         2    2[COMRAM] unsigned int 
 Auto vars:     Size  Location     Type
  quotient        2    4[COMRAM] unsigned int 
  counter         1    6[COMRAM] unsigned char 
 Return value:  Size  Location     Type
                  2    0[COMRAM] unsigned int 
 Registers used:
		wreg, status,2, status,0
 Tracked objects:
		On entry : 
		On exit  : 
		Unchanged: 
 Data sizes:     COMRAM   BANK0   BANK1   BANK2   BANK3   BANK4   BANK5
      Params:         4       0       0       0       0       0       0
      Locals:         3       0       0       0       0       0       0
      Temps:          0       0       0       0       0       0       0
      Totals:         7       0       0       0       0       0       0
Total ram usage:        7 bytes
 Hardware stack levels used:    1
 This function calls:
		Nothing
 This function is called by:
		_sprintf
 This function uses a non-reentrant model


 *************** function _lcdPuts *****************
 Defined at:
		line 44 in file "myLCD.c"
 Parameters:    Size  Location     Type
  str             2    5[COMRAM] PTR unsigned char 
		 -> buff(86), STR_1(7), 
 Auto vars:     Size  Location     Type
		None
 Return value:  Size  Location     Type
                  1    wreg      void 
 Registers used:
		wreg, fsr0l, fsr0h, status,2, status,0, tblptrl, tblptrh, tblptru, cstack
 Tracked objects:
		On entry : 
		On exit  : 
		Unchanged: 
 Data sizes:     COMRAM   BANK0   BANK1   BANK2   BANK3   BANK4   BANK5
      Params:         2       0       0       0       0       0       0
      Locals:         0       0       0       0       0       0       0
      Temps:          0       0       0       0       0       0       0
      Totals:         2       0       0       0       0       0       0
Total ram usage:        2 bytes
 Hardware stack levels used:    1
 Hardware stack levels required when called:    3
 This function calls:
		_lcdPutc
 This function is called by:
		_main
 This function uses a non-reentrant model


 *************** function _lcdPutc *****************
 Defined at:
		line 36 in file "myLCD.c"
 Parameters:    Size  Location     Type
  chr             1    wreg     unsigned char 
 Auto vars:     Size  Location     Type
  chr             1    4[COMRAM] unsigned char 
 Return value:  Size  Location     Type
                  1    wreg      void 
 Registers used:
		wreg, status,2, status,0, cstack
 Tracked objects:
		On entry : 
		On exit  : 
		Unchanged: 
 Data sizes:     COMRAM   BANK0   BANK1   BANK2   BANK3   BANK4   BANK5
      Params:         0       0       0       0       0       0       0
      Locals:         1       0       0       0       0       0       0
      Temps:          0       0       0       0       0       0       0
      Totals:         1       0       0       0       0       0       0
Total ram usage:        1 bytes
 Hardware stack levels used:    1
 Hardware stack levels required when called:    2
 This function calls:
		_lcdByte
 This function is called by:
		_lcdPuts
 This function uses a non-reentrant model


 *************** function _lcdInit *****************
 Defined at:
		line 63 in file "myLCD.c"
 Parameters:    Size  Location     Type
		None
 Auto vars:     Size  Location     Type
		None
 Return value:  Size  Location     Type
                  1    wreg      void 
 Registers used:
		wreg, status,2, status,0, cstack
 Tracked objects:
		On entry : 
		On exit  : 
		Unchanged: 
 Data sizes:     COMRAM   BANK0   BANK1   BANK2   BANK3   BANK4   BANK5
      Params:         0       0       0       0       0       0       0
      Locals:         0       0       0       0       0       0       0
      Temps:          1       0       0       0       0       0       0
      Totals:         1       0       0       0       0       0       0
Total ram usage:        1 bytes
 Hardware stack levels used:    1
 Hardware stack levels required when called:    3
 This function calls:
		_lcdCmd
		_lcdNible
 This function is called by:
		_main
 This function uses a non-reentrant model


 *************** function _lcdGotoxy *****************
 Defined at:
		line 54 in file "myLCD.c"
 Parameters:    Size  Location     Type
  col             1    wreg     unsigned char 
  row             1    5[COMRAM] unsigned char 
 Auto vars:     Size  Location     Type
  col             1    6[COMRAM] unsigned char 
 Return value:  Size  Location     Type
                  1    wreg      void 
 Registers used:
		wreg, status,2, status,0, cstack
 Tracked objects:
		On entry : 
		On exit  : 
		Unchanged: 
 Data sizes:     COMRAM   BANK0   BANK1   BANK2   BANK3   BANK4   BANK5
      Params:         1       0       0       0       0       0       0
      Locals:         1       0       0       0       0       0       0
      Temps:          0       0       0       0       0       0       0
      Totals:         2       0       0       0       0       0       0
Total ram usage:        2 bytes
 Hardware stack levels used:    1
 Hardware stack levels required when called:    3
 This function calls:
		_lcdCmd
 This function is called by:
		_main
 This function uses a non-reentrant model


 *************** function _lcdCmd *****************
 Defined at:
		line 28 in file "myLCD.c"
 Parameters:    Size  Location     Type
  cmd             1    wreg     unsigned char 
 Auto vars:     Size  Location     Type
  cmd             1    4[COMRAM] unsigned char 
 Return value:  Size  Location     Type
                  1    wreg      void 
 Registers used:
		wreg, status,2, status,0, cstack
 Tracked objects:
		On entry : 
		On exit  : 
		Unchanged: 
 Data sizes:     COMRAM   BANK0   BANK1   BANK2   BANK3   BANK4   BANK5
      Params:         0       0       0       0       0       0       0
      Locals:         1       0       0       0       0       0       0
      Temps:          0       0       0       0       0       0       0
      Totals:         1       0       0       0       0       0       0
Total ram usage:        1 bytes
 Hardware stack levels used:    1
 Hardware stack levels required when called:    2
 This function calls:
		_lcdByte
 This function is called by:
		_lcdGotoxy
		_lcdInit
 This function uses a non-reentrant model


 *************** function _lcdByte *****************
 Defined at:
		line 20 in file "myLCD.c"
 Parameters:    Size  Location     Type
  byte            1    wreg     unsigned char 
 Auto vars:     Size  Location     Type
  byte            1    3[COMRAM] unsigned char 
 Return value:  Size  Location     Type
                  1    wreg      void 
 Registers used:
		wreg, status,2, status,0, cstack
 Tracked objects:
		On entry : 
		On exit  : 
		Unchanged: 
 Data sizes:     COMRAM   BANK0   BANK1   BANK2   BANK3   BANK4   BANK5
      Params:         0       0       0       0       0       0       0
      Locals:         1       0       0       0       0       0       0
      Temps:          0       0       0       0       0       0       0
      Totals:         1       0       0       0       0       0       0
Total ram usage:        1 bytes
 Hardware stack levels used:    1
 Hardware stack levels required when called:    1
 This function calls:
		_lcdNible
 This function is called by:
		_lcdCmd
		_lcdPutc
 This function uses a non-reentrant model


 *************** function _lcdNible *****************
 Defined at:
		line 6 in file "myLCD.c"
 Parameters:    Size  Location     Type
  nible           1    wreg     unsigned char 
 Auto vars:     Size  Location     Type
  nible           1    2[COMRAM] unsigned char 
 Return value:  Size  Location     Type
                  1    wreg      void 
 Registers used:
		wreg, status,2, status,0
 Tracked objects:
		On entry : 
		On exit  : 
		Unchanged: 
 Data sizes:     COMRAM   BANK0   BANK1   BANK2   BANK3   BANK4   BANK5
      Params:         0       0       0       0       0       0       0
      Locals:         1       0       0       0       0       0       0
      Temps:          2       0       0       0       0       0       0
      Totals:         3       0       0       0       0       0       0
Total ram usage:        3 bytes
 Hardware stack levels used:    1
 This function calls:
		Nothing
 This function is called by:
		_lcdByte
		_lcdInit
 This function uses a non-reentrant model


 *************** function _adcRead *****************
 Defined at:
		line 66 in file "myADC.c"
 Parameters:    Size  Location     Type
  ch              1    wreg     unsigned char 
 Auto vars:     Size  Location     Type
  ch              1   12[COMRAM] unsigned char 
  adcResult       2   10[COMRAM] unsigned int 
  adcResultLSB    2    8[COMRAM] unsigned int 
  adcResultMSB    2    6[COMRAM] unsigned int 
 Return value:  Size  Location     Type
                  2    2[COMRAM] unsigned int 
 Registers used:
		wreg, status,2, status,0, cstack
 Tracked objects:
		On entry : 
		On exit  : 
		Unchanged: 
 Data sizes:     COMRAM   BANK0   BANK1   BANK2   BANK3   BANK4   BANK5
      Params:         2       0       0       0       0       0       0
      Locals:         7       0       0       0       0       0       0
      Temps:          2       0       0       0       0       0       0
      Totals:        11       0       0       0       0       0       0
Total ram usage:       11 bytes
 Hardware stack levels used:    1
 Hardware stack levels required when called:    1
 This function calls:
		_adcBusy
		_adcSetChannel
		_adcStart
		_adcStop
 This function is called by:
		_main
 This function uses a non-reentrant model


 *************** function _adcStop *****************
 Defined at:
		line 56 in file "myADC.c"
 Parameters:    Size  Location     Type
		None
 Auto vars:     Size  Location     Type
		None
 Return value:  Size  Location     Type
                  1    wreg      void 
 Registers used:
		None
 Tracked objects:
		On entry : 
		On exit  : 
		Unchanged: 
 Data sizes:     COMRAM   BANK0   BANK1   BANK2   BANK3   BANK4   BANK5
      Params:         0       0       0       0       0       0       0
      Locals:         0       0       0       0       0       0       0
      Temps:          0       0       0       0       0       0       0
      Totals:         0       0       0       0       0       0       0
Total ram usage:        0 bytes
 Hardware stack levels used:    1
 This function calls:
		Nothing
 This function is called by:
		_adcRead
 This function uses a non-reentrant model


 *************** function _adcStart *****************
 Defined at:
		line 50 in file "myADC.c"
 Parameters:    Size  Location     Type
		None
 Auto vars:     Size  Location     Type
		None
 Return value:  Size  Location     Type
                  1    wreg      void 
 Registers used:
		None
 Tracked objects:
		On entry : 
		On exit  : 
		Unchanged: 
 Data sizes:     COMRAM   BANK0   BANK1   BANK2   BANK3   BANK4   BANK5
      Params:         0       0       0       0       0       0       0
      Locals:         0       0       0       0       0       0       0
      Temps:          0       0       0       0       0       0       0
      Totals:         0       0       0       0       0       0       0
Total ram usage:        0 bytes
 Hardware stack levels used:    1
 This function calls:
		Nothing
 This function is called by:
		_adcRead
 This function uses a non-reentrant model


 *************** function _adcSetChannel *****************
 Defined at:
		line 62 in file "myADC.c"
 Parameters:    Size  Location     Type
  channel         1    wreg     unsigned char 
 Auto vars:     Size  Location     Type
  channel         1    1[COMRAM] unsigned char 
 Return value:  Size  Location     Type
                  1    wreg      void 
 Registers used:
		wreg, status,2, status,0
 Tracked objects:
		On entry : 
		On exit  : 
		Unchanged: 
 Data sizes:     COMRAM   BANK0   BANK1   BANK2   BANK3   BANK4   BANK5
      Params:         0       0       0       0       0       0       0
      Locals:         1       0       0       0       0       0       0
      Temps:          1       0       0       0       0       0       0
      Totals:         2       0       0       0       0       0       0
Total ram usage:        2 bytes
 Hardware stack levels used:    1
 This function calls:
		Nothing
 This function is called by:
		_adcRead
 This function uses a non-reentrant model


 *************** function _adcBusy *****************
 Defined at:
		line 85 in file "myADC.c"
 Parameters:    Size  Location     Type
		None
 Auto vars:     Size  Location     Type
		None
 Return value:  Size  Location     Type
                  1    wreg      unsigned char 
 Registers used:
		wreg
 Tracked objects:
		On entry : 
		On exit  : 
		Unchanged: 
 Data sizes:     COMRAM   BANK0   BANK1   BANK2   BANK3   BANK4   BANK5
      Params:         0       0       0       0       0       0       0
      Locals:         0       0       0       0       0       0       0
      Temps:          0       0       0       0       0       0       0
      Totals:         0       0       0       0       0       0       0
Total ram usage:        0 bytes
 Hardware stack levels used:    1
 This function calls:
		Nothing
 This function is called by:
		_adcRead
 This function uses a non-reentrant model


 *************** function _adcInit *****************
 Defined at:
		line 35 in file "myADC.c"
 Parameters:    Size  Location     Type
		None
 Auto vars:     Size  Location     Type
		None
 Return value:  Size  Location     Type
                  1    wreg      void 
 Registers used:
		wreg, status,2, status,0, cstack
 Tracked objects:
		On entry : 
		On exit  : 
		Unchanged: 
 Data sizes:     COMRAM   BANK0   BANK1   BANK2   BANK3   BANK4   BANK5
      Params:         0       0       0       0       0       0       0
      Locals:         0       0       0       0       0       0       0
      Temps:          0       0       0       0       0       0       0
      Totals:         0       0       0       0       0       0       0
Total ram usage:        0 bytes
 Hardware stack levels used:    1
 Hardware stack levels required when called:    1
 This function calls:
		_acdVoltRef
		_adcAcqTime
		_adcClock
		_adcInterrupt
		_adcPortConfig
		_adcResultJust
 This function is called by:
		_main
 This function uses a non-reentrant model


 *************** function _adcResultJust *****************
 Defined at:
		line 14 in file "myADC.c"
 Parameters:    Size  Location     Type
  just            1    wreg     unsigned char 
 Auto vars:     Size  Location     Type
  just            1    0[COMRAM] unsigned char 
 Return value:  Size  Location     Type
                  1    wreg      void 
 Registers used:
		wreg
 Tracked objects:
		On entry : 
		On exit  : 
		Unchanged: 
 Data sizes:     COMRAM   BANK0   BANK1   BANK2   BANK3   BANK4   BANK5
      Params:         0       0       0       0       0       0       0
      Locals:         1       0       0       0       0       0       0
      Temps:          0       0       0       0       0       0       0
      Totals:         1       0       0       0       0       0       0
Total ram usage:        1 bytes
 Hardware stack levels used:    1
 This function calls:
		Nothing
 This function is called by:
		_adcInit
 This function uses a non-reentrant model


 *************** function _adcPortConfig *****************
 Defined at:
		line 30 in file "myADC.c"
 Parameters:    Size  Location     Type
  config          1    wreg     unsigned char 
 Auto vars:     Size  Location     Type
  config          1    0[COMRAM] unsigned char 
 Return value:  Size  Location     Type
                  1    wreg      void 
 Registers used:
		wreg, status,2, status,0
 Tracked objects:
		On entry : 
		On exit  : 
		Unchanged: 
 Data sizes:     COMRAM   BANK0   BANK1   BANK2   BANK3   BANK4   BANK5
      Params:         0       0       0       0       0       0       0
      Locals:         1       0       0       0       0       0       0
      Temps:          0       0       0       0       0       0       0
      Totals:         1       0       0       0       0       0       0
Total ram usage:        1 bytes
 Hardware stack levels used:    1
 This function calls:
		Nothing
 This function is called by:
		_adcInit
 This function uses a non-reentrant model


 *************** function _adcInterrupt *****************
 Defined at:
		line 24 in file "myADC.c"
 Parameters:    Size  Location     Type
  config          1    wreg     unsigned char 
 Auto vars:     Size  Location     Type
  config          1    0[COMRAM] unsigned char 
 Return value:  Size  Location     Type
                  1    wreg      void 
 Registers used:
		wreg
 Tracked objects:
		On entry : 
		On exit  : 
		Unchanged: 
 Data sizes:     COMRAM   BANK0   BANK1   BANK2   BANK3   BANK4   BANK5
      Params:         0       0       0       0       0       0       0
      Locals:         1       0       0       0       0       0       0
      Temps:          0       0       0       0       0       0       0
      Totals:         1       0       0       0       0       0       0
Total ram usage:        1 bytes
 Hardware stack levels used:    1
 This function calls:
		Nothing
 This function is called by:
		_adcInit
 This function uses a non-reentrant model


 *************** function _adcClock *****************
 Defined at:
		line 4 in file "myADC.c"
 Parameters:    Size  Location     Type
  clk             1    wreg     unsigned char 
 Auto vars:     Size  Location     Type
  clk             1    0[COMRAM] unsigned char 
 Return value:  Size  Location     Type
                  1    wreg      void 
 Registers used:
		wreg, status,2, status,0
 Tracked objects:
		On entry : 
		On exit  : 
		Unchanged: 
 Data sizes:     COMRAM   BANK0   BANK1   BANK2   BANK3   BANK4   BANK5
      Params:         0       0       0       0       0       0       0
      Locals:         1       0       0       0       0       0       0
      Temps:          0       0       0       0       0       0       0
      Totals:         1       0       0       0       0       0       0
Total ram usage:        1 bytes
 Hardware stack levels used:    1
 This function calls:
		Nothing
 This function is called by:
		_adcInit
 This function uses a non-reentrant model


 *************** function _adcAcqTime *****************
 Defined at:
		line 9 in file "myADC.c"
 Parameters:    Size  Location     Type
  tad             1    wreg     unsigned char 
 Auto vars:     Size  Location     Type
  tad             1    1[COMRAM] unsigned char 
 Return value:  Size  Location     Type
                  1    wreg      void 
 Registers used:
		wreg, status,2, status,0
 Tracked objects:
		On entry : 
		On exit  : 
		Unchanged: 
 Data sizes:     COMRAM   BANK0   BANK1   BANK2   BANK3   BANK4   BANK5
      Params:         0       0       0       0       0       0       0
      Locals:         1       0       0       0       0       0       0
      Temps:          1       0       0       0       0       0       0
      Totals:         2       0       0       0       0       0       0
Total ram usage:        2 bytes
 Hardware stack levels used:    1
 This function calls:
		Nothing
 This function is called by:
		_adcInit
 This function uses a non-reentrant model


 *************** function _acdVoltRef *****************
 Defined at:
		line 19 in file "myADC.c"
 Parameters:    Size  Location     Type
  vref            1    wreg     unsigned char 
 Auto vars:     Size  Location     Type
  vref            1    1[COMRAM] unsigned char 
 Return value:  Size  Location     Type
                  1    wreg      void 
 Registers used:
		wreg, status,2, status,0
 Tracked objects:
		On entry : 
		On exit  : 
		Unchanged: 
 Data sizes:     COMRAM   BANK0   BANK1   BANK2   BANK3   BANK4   BANK5
      Params:         0       0       0       0       0       0       0
      Locals:         1       0       0       0       0       0       0
      Temps:          1       0       0       0       0       0       0
      Totals:         2       0       0       0       0       0       0
Total ram usage:        2 bytes
 Hardware stack levels used:    1
 This function calls:
		Nothing
 This function is called by:
		_adcInit
 This function uses a non-reentrant model



MODULE INFORMATION

Module		Function		Class		Link	Load	Size
C:\Program Files (x86)\Microchip\xc8\v1.41\sources\common\lwdiv.c
		___lwdiv       		CODE           	0B3E	0000	83

C:\Program Files (x86)\Microchip\xc8\v1.41\sources\common\lwdiv.c estimated size: 83

C:\Program Files (x86)\Microchip\xc8\v1.41\sources\common\doprnt.c
		_sprintf       		CODE           	061C	0000	785

C:\Program Files (x86)\Microchip\xc8\v1.41\sources\common\doprnt.c estimated size: 785

myADC.c
		_adcRead       		CODE           	0C66	0000	67
		_adcBusy       		CODE           	0E94	0000	13
		_adcResultJust 		CODE           	0E5E	0000	15
		_adcClock      		CODE           	0E7A	0000	15
		_adcSetChannel 		CODE           	0DD0	0000	23
		_adcInterrupt  		CODE           	0DFA	0000	17
		_adcStart      		CODE           	0EBC	0000	7
		_adcInit       		CODE           	0CE4	0000	51
		_adcPortConfig 		CODE           	0E6C	0000	15
		_adcAcqTime    		CODE           	0DA2	0000	25
		_adcStop       		CODE           	0EB6	0000	7
		_acdVoltRef    		CODE           	0DE6	0000	21

myADC.c estimated size: 276

C:\Program Files (x86)\Microchip\xc8\v1.41\sources\common\Umul16.c
		___wmul        		CODE           	0D16	0000	39

C:\Program Files (x86)\Microchip\xc8\v1.41\sources\common\Umul16.c estimated size: 39

C:\Program Files (x86)\Microchip\xc8\v1.41\sources\common\isdigit.c
		_isdigit       		CODE           	0D3C	0000	31

C:\Program Files (x86)\Microchip\xc8\v1.41\sources\common\isdigit.c estimated size: 31

myLCD.c
		_lcdGotoxy     		CODE           	0C24	0000	67
		_lcdNible      		CODE           	09C2	0000	145
		_lcdByte       		CODE           	0D8A	0000	25
		_lcdCmd        		CODE           	0E50	0000	15
		_lcdPutc       		CODE           	0E42	0000	15
		_lcdPuts       		CODE           	0B90	0000	83
		_lcdInit       		CODE           	092C	0000	151

myLCD.c estimated size: 501

shared
		_dpowers       		SMALLCONST     	0601	0000	11
		__initialization		CODE           	0DBA	0000	13

shared estimated size: 24

C:\Program Files (x86)\Microchip\xc8\v1.41\sources\common\lwmod.c
		___lwmod       		CODE           	0BE2	0000	67

C:\Program Files (x86)\Microchip\xc8\v1.41\sources\common\lwmod.c estimated size: 67

main.c
		_main          		CODE           	0A52	0000	139

main.c estimated size: 139

myUart.c
		_uartBusy      		CODE           	0E88	0000	13
		_uartPuts      		CODE           	0ADC	0000	99
		_uartStart     		CODE           	0EB0	0000	7
		_uartIntMode   		CODE           	0D5A	0000	25
		_uartBaudrateMode		CODE           	0E34	0000	15
		_uartBitMode   		CODE           	0D72	0000	25
		_uartRxMode    		CODE           	0E26	0000	15
		_uartSetBaudrate		CODE           	0EA8	0000	9
		_uartWrite     		CODE           	0EA0	0000	9
		_uartOpen      		CODE           	0CA8	0000	61
		_uartSyncMode  		CODE           	0E18	0000	15
		_uartSynchMode 		CODE           	0E0A	0000	15

myUart.c estimated size: 308

